ARM Linker, 5.03 [Build 76] [MDK-ARM Professional]

==============================================================================

Section Cross References

    startup_rvmdk.o(RESET) refers to startup_rvmdk.o(STACK) for StackMem
    startup_rvmdk.o(RESET) refers to entry.o(.ARM.Collect$$$$00000000) for __main
    main.o(i.ConfigureUART) refers to sysctl.o(i.SysCtlPeripheralEnable) for SysCtlPeripheralEnable
    main.o(i.ConfigureUART) refers to gpio.o(i.GPIOPinConfigure) for GPIOPinConfigure
    main.o(i.ConfigureUART) refers to gpio.o(i.GPIOPinTypeUART) for GPIOPinTypeUART
    main.o(i.ConfigureUART) refers to uart.o(i.UARTConfigSetExpClk) for UARTConfigSetExpClk
    main.o(i.ConfigureUART) refers to uart.o(i.UARTEnable) for UARTEnable
    main.o(i.IntGPIOb) refers to gpio.o(i.GPIOIntStatus) for GPIOIntStatus
    main.o(i.IntGPIOb) refers to gpio.o(i.GPIOIntClear) for GPIOIntClear
    main.o(i.IntGPIOb) refers to mpu9150.o(i.MPU9150DataRead) for MPU9150DataRead
    main.o(i.IntGPIOb) refers to main.o(.bss) for .bss
    main.o(i.IntGPIOb) refers to main.o(i.MPU9150AppCallback) for MPU9150AppCallback
    main.o(i.MPU9150AppCallback) refers to main.o(.data) for .data
    main.o(i.MPU9150AppI2CWait) refers to main.o(.data) for .data
    main.o(i.MPU9150I2CIntHandler) refers to i2cm_drv.o(i.I2CMIntHandler) for I2CMIntHandler
    main.o(i.MPU9150I2CIntHandler) refers to main.o(.bss) for .bss
    main.o(i.main) refers to sysctl.o(i.SysCtlClockSet) for SysCtlClockSet
    main.o(i.main) refers to sysctl.o(i.SysCtlPeripheralEnable) for SysCtlPeripheralEnable
    main.o(i.main) refers to main.o(i.ConfigureUART) for ConfigureUART
    main.o(i.main) refers to gpio.o(i.GPIOPinConfigure) for GPIOPinConfigure
    main.o(i.main) refers to gpio.o(i.GPIOPinTypeI2CSCL) for GPIOPinTypeI2CSCL
    main.o(i.main) refers to gpio.o(i.GPIOPinTypeI2C) for GPIOPinTypeI2C
    main.o(i.main) refers to gpio.o(i.GPIOPinTypeGPIOInput) for GPIOPinTypeGPIOInput
    main.o(i.main) refers to gpio.o(i.GPIOIntEnable) for GPIOIntEnable
    main.o(i.main) refers to gpio.o(i.GPIOIntTypeSet) for GPIOIntTypeSet
    main.o(i.main) refers to gpio.o(i.GPIOIntRegister) for GPIOIntRegister
    main.o(i.main) refers to interrupt.o(i.IntEnable) for IntEnable
    main.o(i.main) refers to interrupt.o(i.IntMasterEnable) for IntMasterEnable
    main.o(i.main) refers to i2c.o(i.I2CIntRegister) for I2CIntRegister
    main.o(i.main) refers to i2cm_drv.o(i.I2CMInit) for I2CMInit
    main.o(i.main) refers to mpu9150.o(i.MPU9150Init) for MPU9150Init
    main.o(i.main) refers to main.o(i.MPU9150AppI2CWait) for MPU9150AppI2CWait
    main.o(i.main) refers to mpu9150.o(i.MPU9150Write) for MPU9150Write
    main.o(i.main) refers to comp_dcm.o(i.CompDCMInit) for CompDCMInit
    main.o(i.main) refers to timer.o(i.TimerConfigure) for TimerConfigure
    main.o(i.main) refers to timer.o(i.TimerLoadSet) for TimerLoadSet
    main.o(i.main) refers to timer.o(i.TimerEnable) for TimerEnable
    main.o(i.main) refers to mpu9150.o(i.MPU9150DataAccelGetFloat) for MPU9150DataAccelGetFloat
    main.o(i.main) refers to mpu9150.o(i.MPU9150DataGyroGetFloat) for MPU9150DataGyroGetFloat
    main.o(i.main) refers to mpu9150.o(i.MPU9150DataMagnetoGetFloat) for MPU9150DataMagnetoGetFloat
    main.o(i.main) refers to uart.o(i.UARTCharPut) for UARTCharPut
    main.o(i.main) refers to main.o(i.IntGPIOb) for IntGPIOb
    main.o(i.main) refers to main.o(i.MPU9150I2CIntHandler) for MPU9150I2CIntHandler
    main.o(i.main) refers to main.o(.bss) for .bss
    main.o(i.main) refers to main.o(i.MPU9150AppCallback) for MPU9150AppCallback
    main.o(i.main) refers to main.o(.data) for .data
    uartstdio.o(i.UARTEchoSet) refers to uartstdio.o(.data) for .data
    uartstdio.o(i.UARTFlushRx) refers to uartstdio.o(.data) for .data
    uartstdio.o(i.UARTFlushTx) refers to uartstdio.o(i.IsBufferEmpty) for IsBufferEmpty
    uartstdio.o(i.UARTFlushTx) refers to uartstdio.o(.data) for .data
    uartstdio.o(i.UARTPeek) refers to uartstdio.o(i.GetBufferCount) for GetBufferCount
    uartstdio.o(i.UARTPeek) refers to uartstdio.o(.data) for .data
    uartstdio.o(i.UARTPeek) refers to uartstdio.o(.bss) for .bss
    uartstdio.o(i.UARTPrimeTransmit) refers to uartstdio.o(i.IsBufferEmpty) for IsBufferEmpty
    uartstdio.o(i.UARTPrimeTransmit) refers to uartstdio.o(.data) for .data
    uartstdio.o(i.UARTPrimeTransmit) refers to uartstdio.o(.constdata) for .constdata
    uartstdio.o(i.UARTPrimeTransmit) refers to uartstdio.o(.bss) for .bss
    uartstdio.o(i.UARTRxBytesAvail) refers to uartstdio.o(i.GetBufferCount) for GetBufferCount
    uartstdio.o(i.UARTRxBytesAvail) refers to uartstdio.o(.data) for .data
    uartstdio.o(i.UARTStdioConfig) refers to uartstdio.o(i.UARTFlushRx) for UARTFlushRx
    uartstdio.o(i.UARTStdioConfig) refers to uartstdio.o(i.UARTFlushTx) for UARTFlushTx
    uartstdio.o(i.UARTStdioConfig) refers to uartstdio.o(.constdata) for .constdata
    uartstdio.o(i.UARTStdioConfig) refers to uartstdio.o(.data) for .data
    uartstdio.o(i.UARTStdioIntHandler) refers to uartstdio.o(i.UARTPrimeTransmit) for UARTPrimeTransmit
    uartstdio.o(i.UARTStdioIntHandler) refers to uartstdio.o(i.IsBufferEmpty) for IsBufferEmpty
    uartstdio.o(i.UARTStdioIntHandler) refers to uartstdio.o(i.UARTwrite) for UARTwrite
    uartstdio.o(i.UARTStdioIntHandler) refers to uartstdio.o(i.IsBufferFull) for IsBufferFull
    uartstdio.o(i.UARTStdioIntHandler) refers to uartstdio.o(.data) for .data
    uartstdio.o(i.UARTStdioIntHandler) refers to uartstdio.o(.bss) for .bss
    uartstdio.o(i.UARTTxBytesFree) refers to uartstdio.o(i.GetBufferCount) for GetBufferCount
    uartstdio.o(i.UARTTxBytesFree) refers to uartstdio.o(.data) for .data
    uartstdio.o(i.UARTgetc) refers to uartstdio.o(i.IsBufferEmpty) for IsBufferEmpty
    uartstdio.o(i.UARTgetc) refers to uartstdio.o(.data) for .data
    uartstdio.o(i.UARTgetc) refers to uartstdio.o(.bss) for .bss
    uartstdio.o(i.UARTgets) refers to uartstdio.o(i.IsBufferEmpty) for IsBufferEmpty
    uartstdio.o(i.UARTgets) refers to uartstdio.o(.bss) for .bss
    uartstdio.o(i.UARTgets) refers to uartstdio.o(.data) for .data
    uartstdio.o(i.UARTprintf) refers to uartstdio.o(i.UARTvprintf) for UARTvprintf
    uartstdio.o(i.UARTvprintf) refers to uartstdio.o(i.UARTwrite) for UARTwrite
    uartstdio.o(i.UARTvprintf) refers to uartstdio.o(.constdata) for .constdata
    uartstdio.o(i.UARTwrite) refers to uartstdio.o(i.IsBufferFull) for IsBufferFull
    uartstdio.o(i.UARTwrite) refers to uartstdio.o(i.IsBufferEmpty) for IsBufferEmpty
    uartstdio.o(i.UARTwrite) refers to uartstdio.o(i.UARTPrimeTransmit) for UARTPrimeTransmit
    uartstdio.o(i.UARTwrite) refers to uartstdio.o(.bss) for .bss
    uartstdio.o(i.UARTwrite) refers to uartstdio.o(.data) for .data
    uartstdio.o(.constdata) refers to uartstdio.o(.conststring) for .conststring
    ahrs_2010.o(i.AHRSupdate) refers to f2d.o(.text) for __aeabi_f2d
    ahrs_2010.o(i.AHRSupdate) refers to sqrt.o(i.__hardfp_sqrt) for __hardfp_sqrt
    ahrs_2010.o(i.AHRSupdate) refers to d2f.o(.text) for __aeabi_d2f
    ahrs_2010.o(i.AHRSupdate) refers to dadd.o(.text) for __aeabi_drsub
    ahrs_2010.o(i.AHRSupdate) refers to dmul.o(.text) for __aeabi_dmul
    ahrs_2010.o(i.AHRSupdate) refers to ahrs_2010.o(.data) for .data
    quatoe.o(i.QuatoE_Math) refers to f2d.o(.text) for __aeabi_f2d
    quatoe.o(i.QuatoE_Math) refers to dmul.o(.text) for __aeabi_dmul
    quatoe.o(i.QuatoE_Math) refers to cdrcmple.o(.text) for __aeabi_cdrcmple
    quatoe.o(i.QuatoE_Math) refers to cdcmple.o(.text) for __aeabi_cdcmple
    quatoe.o(i.QuatoE_Math) refers to atan2.o(i.__hardfp_atan2) for __hardfp_atan2
    quatoe.o(i.QuatoE_Math) refers to d2f.o(.text) for __aeabi_d2f
    quatoe.o(i.QuatoE_Math) refers to asin.o(i.__hardfp_asin) for __hardfp_asin
    quatoe.o(i.QuatoE_Math) refers to main.o(.data) for Yaw
    quatoe.o(i.QuatoE_Math) refers to main.o(.data) for Roll
    quatoe.o(i.QuatoE_Math) refers to main.o(.data) for Pitch
    quatoe.o(i.quaternion2EulerRad) refers to f2d.o(.text) for __aeabi_f2d
    quatoe.o(i.quaternion2EulerRad) refers to atan2.o(i.__hardfp_atan2) for __hardfp_atan2
    quatoe.o(i.quaternion2EulerRad) refers to d2f.o(.text) for __aeabi_d2f
    quatoe.o(i.quaternion2EulerRad) refers to sqrt.o(i.__hardfp_sqrt) for __hardfp_sqrt
    quatoe.o(i.quaternion2EulerRad) refers to main.o(.data) for Yaw
    quatoe.o(i.quaternion2EulerRad) refers to main.o(.data) for Pitch
    quatoe.o(i.quaternion2EulerRad) refers to main.o(.data) for Roll
    madgwickahrs.o(i.MadgwickAHRSupdate) refers to madgwickahrs.o(i.MadgwickAHRSupdateIMU) for MadgwickAHRSupdateIMU
    madgwickahrs.o(i.MadgwickAHRSupdate) refers to madgwickahrs.o(i.invSqrt) for invSqrt
    madgwickahrs.o(i.MadgwickAHRSupdate) refers to f2d.o(.text) for __aeabi_f2d
    madgwickahrs.o(i.MadgwickAHRSupdate) refers to sqrt.o(i.__hardfp_sqrt) for __hardfp_sqrt
    madgwickahrs.o(i.MadgwickAHRSupdate) refers to d2f.o(.text) for __aeabi_d2f
    madgwickahrs.o(i.MadgwickAHRSupdate) refers to madgwickahrs.o(.data) for .data
    madgwickahrs.o(i.MadgwickAHRSupdateIMU) refers to madgwickahrs.o(i.invSqrt) for invSqrt
    madgwickahrs.o(i.MadgwickAHRSupdateIMU) refers to madgwickahrs.o(.data) for .data
    gpio.o(i.GPIOIntRegister) refers to interrupt.o(i.IntRegister) for IntRegister
    gpio.o(i.GPIOIntRegister) refers to interrupt.o(i.IntEnable) for IntEnable
    gpio.o(i.GPIOIntRegister) refers to gpio.o(.constdata) for .constdata
    gpio.o(i.GPIOIntUnregister) refers to interrupt.o(i.IntDisable) for IntDisable
    gpio.o(i.GPIOIntUnregister) refers to interrupt.o(i.IntUnregister) for IntUnregister
    gpio.o(i.GPIOIntUnregister) refers to gpio.o(.constdata) for .constdata
    gpio.o(i.GPIOPinConfigure) refers to gpio.o(.constdata) for .constdata
    gpio.o(i.GPIOPinTypeADC) refers to gpio.o(i.GPIODirModeSet) for GPIODirModeSet
    gpio.o(i.GPIOPinTypeADC) refers to gpio.o(i.GPIOPadConfigSet) for GPIOPadConfigSet
    gpio.o(i.GPIOPinTypeCAN) refers to gpio.o(i.GPIODirModeSet) for GPIODirModeSet
    gpio.o(i.GPIOPinTypeCAN) refers to gpio.o(i.GPIOPadConfigSet) for GPIOPadConfigSet
    gpio.o(i.GPIOPinTypeCIR) refers to gpio.o(i.GPIODirModeSet) for GPIODirModeSet
    gpio.o(i.GPIOPinTypeCIR) refers to gpio.o(i.GPIOPadConfigSet) for GPIOPadConfigSet
    gpio.o(i.GPIOPinTypeComparator) refers to gpio.o(i.GPIODirModeSet) for GPIODirModeSet
    gpio.o(i.GPIOPinTypeComparator) refers to gpio.o(i.GPIOPadConfigSet) for GPIOPadConfigSet
    gpio.o(i.GPIOPinTypeEPI) refers to gpio.o(i.GPIODirModeSet) for GPIODirModeSet
    gpio.o(i.GPIOPinTypeEPI) refers to gpio.o(i.GPIOPadConfigSet) for GPIOPadConfigSet
    gpio.o(i.GPIOPinTypeEthernetLED) refers to gpio.o(i.GPIODirModeSet) for GPIODirModeSet
    gpio.o(i.GPIOPinTypeEthernetLED) refers to gpio.o(i.GPIOPadConfigSet) for GPIOPadConfigSet
    gpio.o(i.GPIOPinTypeEthernetMII) refers to gpio.o(i.GPIODirModeSet) for GPIODirModeSet
    gpio.o(i.GPIOPinTypeEthernetMII) refers to gpio.o(i.GPIOPadConfigSet) for GPIOPadConfigSet
    gpio.o(i.GPIOPinTypeGPIOInput) refers to gpio.o(i.GPIODirModeSet) for GPIODirModeSet
    gpio.o(i.GPIOPinTypeGPIOInput) refers to gpio.o(i.GPIOPadConfigSet) for GPIOPadConfigSet
    gpio.o(i.GPIOPinTypeGPIOOutput) refers to gpio.o(i.GPIOPadConfigSet) for GPIOPadConfigSet
    gpio.o(i.GPIOPinTypeGPIOOutput) refers to gpio.o(i.GPIODirModeSet) for GPIODirModeSet
    gpio.o(i.GPIOPinTypeGPIOOutputOD) refers to gpio.o(i.GPIOPadConfigSet) for GPIOPadConfigSet
    gpio.o(i.GPIOPinTypeGPIOOutputOD) refers to gpio.o(i.GPIODirModeSet) for GPIODirModeSet
    gpio.o(i.GPIOPinTypeI2C) refers to gpio.o(i.GPIODirModeSet) for GPIODirModeSet
    gpio.o(i.GPIOPinTypeI2C) refers to gpio.o(i.GPIOPadConfigSet) for GPIOPadConfigSet
    gpio.o(i.GPIOPinTypeI2CSCL) refers to gpio.o(i.GPIODirModeSet) for GPIODirModeSet
    gpio.o(i.GPIOPinTypeI2CSCL) refers to gpio.o(i.GPIOPadConfigSet) for GPIOPadConfigSet
    gpio.o(i.GPIOPinTypeKBColumn) refers to gpio.o(i.GPIODirModeSet) for GPIODirModeSet
    gpio.o(i.GPIOPinTypeKBColumn) refers to gpio.o(i.GPIOPadConfigSet) for GPIOPadConfigSet
    gpio.o(i.GPIOPinTypeKBRow) refers to gpio.o(i.GPIODirModeSet) for GPIODirModeSet
    gpio.o(i.GPIOPinTypeKBRow) refers to gpio.o(i.GPIOPadConfigSet) for GPIOPadConfigSet
    gpio.o(i.GPIOPinTypeLCD) refers to gpio.o(i.GPIODirModeSet) for GPIODirModeSet
    gpio.o(i.GPIOPinTypeLCD) refers to gpio.o(i.GPIOPadConfigSet) for GPIOPadConfigSet
    gpio.o(i.GPIOPinTypeLEDSeq) refers to gpio.o(i.GPIODirModeSet) for GPIODirModeSet
    gpio.o(i.GPIOPinTypeLEDSeq) refers to gpio.o(i.GPIOPadConfigSet) for GPIOPadConfigSet
    gpio.o(i.GPIOPinTypeLPC) refers to gpio.o(i.GPIODirModeSet) for GPIODirModeSet
    gpio.o(i.GPIOPinTypeLPC) refers to gpio.o(i.GPIOPadConfigSet) for GPIOPadConfigSet
    gpio.o(i.GPIOPinTypePECIRx) refers to gpio.o(i.GPIODirModeSet) for GPIODirModeSet
    gpio.o(i.GPIOPinTypePECIRx) refers to gpio.o(i.GPIOPadConfigSet) for GPIOPadConfigSet
    gpio.o(i.GPIOPinTypePECITx) refers to gpio.o(i.GPIODirModeSet) for GPIODirModeSet
    gpio.o(i.GPIOPinTypePECITx) refers to gpio.o(i.GPIOPadConfigSet) for GPIOPadConfigSet
    gpio.o(i.GPIOPinTypePWM) refers to gpio.o(i.GPIODirModeSet) for GPIODirModeSet
    gpio.o(i.GPIOPinTypePWM) refers to gpio.o(i.GPIOPadConfigSet) for GPIOPadConfigSet
    gpio.o(i.GPIOPinTypeQEI) refers to gpio.o(i.GPIODirModeSet) for GPIODirModeSet
    gpio.o(i.GPIOPinTypeQEI) refers to gpio.o(i.GPIOPadConfigSet) for GPIOPadConfigSet
    gpio.o(i.GPIOPinTypeSSI) refers to gpio.o(i.GPIODirModeSet) for GPIODirModeSet
    gpio.o(i.GPIOPinTypeSSI) refers to gpio.o(i.GPIOPadConfigSet) for GPIOPadConfigSet
    gpio.o(i.GPIOPinTypeTimer) refers to gpio.o(i.GPIODirModeSet) for GPIODirModeSet
    gpio.o(i.GPIOPinTypeTimer) refers to gpio.o(i.GPIOPadConfigSet) for GPIOPadConfigSet
    gpio.o(i.GPIOPinTypeUART) refers to gpio.o(i.GPIODirModeSet) for GPIODirModeSet
    gpio.o(i.GPIOPinTypeUART) refers to gpio.o(i.GPIOPadConfigSet) for GPIOPadConfigSet
    gpio.o(i.GPIOPinTypeUSBAnalog) refers to gpio.o(i.GPIODirModeSet) for GPIODirModeSet
    gpio.o(i.GPIOPinTypeUSBAnalog) refers to gpio.o(i.GPIOPadConfigSet) for GPIOPadConfigSet
    gpio.o(i.GPIOPinTypeUSBDigital) refers to gpio.o(i.GPIODirModeSet) for GPIODirModeSet
    gpio.o(i.GPIOPinTypeUSBDigital) refers to gpio.o(i.GPIOPadConfigSet) for GPIOPadConfigSet
    gpio.o(i.GPIOPinTypeWakeHigh) refers to gpio.o(i.GPIODirModeSet) for GPIODirModeSet
    gpio.o(i.GPIOPinTypeWakeHigh) refers to gpio.o(i.GPIOPadConfigSet) for GPIOPadConfigSet
    gpio.o(i.GPIOPinTypeWakeLow) refers to gpio.o(i.GPIODirModeSet) for GPIODirModeSet
    gpio.o(i.GPIOPinTypeWakeLow) refers to gpio.o(i.GPIOPadConfigSet) for GPIOPadConfigSet
    i2c.o(i.I2CIntRegister) refers to interrupt.o(i.IntRegister) for IntRegister
    i2c.o(i.I2CIntRegister) refers to interrupt.o(i.IntEnable) for IntEnable
    i2c.o(i.I2CIntRegister) refers to i2c.o(.constdata) for .constdata
    i2c.o(i.I2CIntUnregister) refers to interrupt.o(i.IntDisable) for IntDisable
    i2c.o(i.I2CIntUnregister) refers to interrupt.o(i.IntUnregister) for IntUnregister
    i2c.o(i.I2CIntUnregister) refers to i2c.o(.constdata) for .constdata
    interrupt.o(i.IntDisable) refers to interrupt.o(.constdata) for .constdata
    interrupt.o(i.IntEnable) refers to interrupt.o(.constdata) for .constdata
    interrupt.o(i.IntIsEnabled) refers to interrupt.o(.constdata) for .constdata
    interrupt.o(i.IntMasterDisable) refers to cpu.o(.emb_text) for CPUcpsid
    interrupt.o(i.IntMasterEnable) refers to cpu.o(.emb_text) for CPUcpsie
    interrupt.o(i.IntPendClear) refers to interrupt.o(.constdata) for .constdata
    interrupt.o(i.IntPendSet) refers to interrupt.o(.constdata) for .constdata
    interrupt.o(i.IntPriorityGet) refers to interrupt.o(.constdata) for .constdata
    interrupt.o(i.IntPriorityGroupingGet) refers to interrupt.o(.constdata) for .constdata
    interrupt.o(i.IntPriorityGroupingSet) refers to interrupt.o(.constdata) for .constdata
    interrupt.o(i.IntPriorityMaskGet) refers to cpu.o(.emb_text) for CPUbasepriGet
    interrupt.o(i.IntPriorityMaskSet) refers to cpu.o(.emb_text) for CPUbasepriSet
    interrupt.o(i.IntPrioritySet) refers to interrupt.o(.constdata) for .constdata
    interrupt.o(i.IntRegister) refers to interrupt.o(vtable) for vtable
    interrupt.o(i.IntUnregister) refers to interrupt.o(i._IntDefaultHandler) for _IntDefaultHandler
    interrupt.o(i.IntUnregister) refers to interrupt.o(vtable) for vtable
    sysctl.o(i.SysCtlClockFreqSet) refers to sysctl.o(.constdata) for .constdata
    sysctl.o(i.SysCtlClockGet) refers to sysctl.o(.constdata) for .constdata
    sysctl.o(i.SysCtlClockSet) refers to sysctl.o(.emb_text) for SysCtlDelay
    sysctl.o(i.SysCtlDeepSleep) refers to cpu.o(.emb_text) for CPUwfi
    sysctl.o(i.SysCtlIntRegister) refers to interrupt.o(i.IntRegister) for IntRegister
    sysctl.o(i.SysCtlIntRegister) refers to interrupt.o(i.IntEnable) for IntEnable
    sysctl.o(i.SysCtlIntUnregister) refers to interrupt.o(i.IntDisable) for IntDisable
    sysctl.o(i.SysCtlIntUnregister) refers to interrupt.o(i.IntUnregister) for IntUnregister
    sysctl.o(i.SysCtlSleep) refers to cpu.o(.emb_text) for CPUwfi
    timer.o(i.TimerIntRegister) refers to interrupt.o(i.IntRegister) for IntRegister
    timer.o(i.TimerIntRegister) refers to interrupt.o(i.IntEnable) for IntEnable
    timer.o(i.TimerIntRegister) refers to timer.o(.constdata) for .constdata
    timer.o(i.TimerIntUnregister) refers to interrupt.o(i.IntDisable) for IntDisable
    timer.o(i.TimerIntUnregister) refers to interrupt.o(i.IntUnregister) for IntUnregister
    timer.o(i.TimerIntUnregister) refers to timer.o(.constdata) for .constdata
    uart.o(i.UARTIntRegister) refers to interrupt.o(i.IntRegister) for IntRegister
    uart.o(i.UARTIntRegister) refers to interrupt.o(i.IntEnable) for IntEnable
    uart.o(i.UARTIntRegister) refers to uart.o(.constdata) for .constdata
    uart.o(i.UARTIntUnregister) refers to interrupt.o(i.IntDisable) for IntDisable
    uart.o(i.UARTIntUnregister) refers to interrupt.o(i.IntUnregister) for IntUnregister
    uart.o(i.UARTIntUnregister) refers to uart.o(.constdata) for .constdata
    comp_dcm.o(i.CompDCMComputeEulers) refers to atan2f.o(i.__hardfp_atan2f) for __hardfp_atan2f
    comp_dcm.o(i.CompDCMComputeEulers) refers to asinf.o(i.__hardfp_asinf) for __hardfp_asinf
    comp_dcm.o(i.CompDCMComputeQuaternion) refers to sqrtf.o(i.__hardfp_sqrtf) for __hardfp_sqrtf
    comp_dcm.o(i.CompDCMStart) refers to vector.o(i.VectorCrossProduct) for VectorCrossProduct
    comp_dcm.o(i.CompDCMStart) refers to vector.o(i.VectorDotProduct) for VectorDotProduct
    comp_dcm.o(i.CompDCMStart) refers to sqrtf.o(i.__hardfp_sqrtf) for __hardfp_sqrtf
    comp_dcm.o(i.CompDCMStart) refers to vector.o(i.VectorScale) for VectorScale
    comp_dcm.o(i.CompDCMUpdate) refers to vector.o(i.VectorCrossProduct) for VectorCrossProduct
    comp_dcm.o(i.CompDCMUpdate) refers to vector.o(i.VectorDotProduct) for VectorDotProduct
    comp_dcm.o(i.CompDCMUpdate) refers to sqrtf.o(i.__hardfp_sqrtf) for __hardfp_sqrtf
    comp_dcm.o(i.CompDCMUpdate) refers to vector.o(i.VectorScale) for VectorScale
    comp_dcm.o(i.CompDCMUpdate) refers to vector.o(i.VectorAdd) for VectorAdd
    comp_dcm.o(i.CompDCMUpdate) refers to f2d.o(.text) for __aeabi_f2d
    comp_dcm.o(i.CompDCMUpdate) refers to dadd.o(.text) for __aeabi_drsub
    comp_dcm.o(i.CompDCMUpdate) refers to dmul.o(.text) for __aeabi_dmul
    comp_dcm.o(i.CompDCMUpdate) refers to d2f.o(.text) for __aeabi_d2f
    i2cm_drv.o(i.I2CMCommand) refers to interrupt.o(i.IntIsEnabled) for IntIsEnabled
    i2cm_drv.o(i.I2CMCommand) refers to interrupt.o(i.IntDisable) for IntDisable
    i2cm_drv.o(i.I2CMCommand) refers to interrupt.o(i.IntEnable) for IntEnable
    i2cm_drv.o(i.I2CMCommand) refers to interrupt.o(i.IntTrigger) for IntTrigger
    i2cm_drv.o(i.I2CMInit) refers to i2c.o(i.I2CMasterInitExpClk) for I2CMasterInitExpClk
    i2cm_drv.o(i.I2CMInit) refers to interrupt.o(i.IntEnable) for IntEnable
    i2cm_drv.o(i.I2CMInit) refers to i2c.o(i.I2CMasterIntEnableEx) for I2CMasterIntEnableEx
    i2cm_drv.o(i.I2CMIntHandler) refers to i2c.o(i.I2CMasterIntClear) for I2CMasterIntClear
    i2cm_drv.o(i.I2CMIntHandler) refers to i2c.o(i.I2CMasterControl) for I2CMasterControl
    i2cm_drv.o(i.I2CMIntHandler) refers to i2c.o(i.I2CMasterSlaveAddrSet) for I2CMasterSlaveAddrSet
    i2cm_drv.o(i.I2CMIntHandler) refers to i2c.o(i.I2CMasterDataPut) for I2CMasterDataPut
    i2cm_drv.o(i.I2CMIntHandler) refers to i2c.o(i.I2CMasterDataGet) for I2CMasterDataGet
    i2cm_drv.o(i.I2CMRead16BE) refers to i2cm_drv.o(i.I2CMCommand) for I2CMCommand
    i2cm_drv.o(i.I2CMRead16BE) refers to i2cm_drv.o(i.I2CMRead16BECallback) for I2CMRead16BECallback
    i2cm_drv.o(i.I2CMReadModifyWrite16LE) refers to i2cm_drv.o(i.I2CMCommand) for I2CMCommand
    i2cm_drv.o(i.I2CMReadModifyWrite16LE) refers to i2cm_drv.o(i.I2CMReadModifyWrite16LECallback) for I2CMReadModifyWrite16LECallback
    i2cm_drv.o(i.I2CMReadModifyWrite16LECallback) refers to i2cm_drv.o(i.I2CMCommand) for I2CMCommand
    i2cm_drv.o(i.I2CMReadModifyWrite8) refers to i2cm_drv.o(i.I2CMCommand) for I2CMCommand
    i2cm_drv.o(i.I2CMReadModifyWrite8) refers to i2cm_drv.o(i.I2CMReadModifyWrite8Callback) for I2CMReadModifyWrite8Callback
    i2cm_drv.o(i.I2CMReadModifyWrite8Callback) refers to i2cm_drv.o(i.I2CMCommand) for I2CMCommand
    i2cm_drv.o(i.I2CMTransferResume) refers to interrupt.o(i.IntTrigger) for IntTrigger
    i2cm_drv.o(i.I2CMWrite16BE) refers to i2cm_drv.o(i.I2CMCommand) for I2CMCommand
    i2cm_drv.o(i.I2CMWrite16BE) refers to i2cm_drv.o(i.I2CMWrite16BECallback) for I2CMWrite16BECallback
    i2cm_drv.o(i.I2CMWrite16BECallback) refers to interrupt.o(i.IntTrigger) for IntTrigger
    i2cm_drv.o(i.I2CMWrite8) refers to i2cm_drv.o(i.I2CMCommand) for I2CMCommand
    i2cm_drv.o(i.I2CMWrite8) refers to i2cm_drv.o(i.I2CMWrite8Callback) for I2CMWrite8Callback
    i2cm_drv.o(i.I2CMWrite8Callback) refers to interrupt.o(i.IntTrigger) for IntTrigger
    mpu9150.o(i.MPU9150Callback) refers to i2cm_drv.o(i.I2CMCommand) for I2CMCommand
    mpu9150.o(i.MPU9150Callback) refers to i2cm_drv.o(i.I2CMWrite) for I2CMWrite
    mpu9150.o(i.MPU9150DataAccelGetFloat) refers to mpu9150.o(.constdata) for .constdata
    mpu9150.o(i.MPU9150DataGyroGetFloat) refers to mpu9150.o(.constdata) for .constdata
    mpu9150.o(i.MPU9150DataMagnetoGetFloat) refers to f2d.o(.text) for __aeabi_f2d
    mpu9150.o(i.MPU9150DataMagnetoGetFloat) refers to dmul.o(.text) for __aeabi_dmul
    mpu9150.o(i.MPU9150DataMagnetoGetFloat) refers to d2f.o(.text) for __aeabi_d2f
    mpu9150.o(i.MPU9150DataRead) refers to i2cm_drv.o(i.I2CMCommand) for I2CMCommand
    mpu9150.o(i.MPU9150DataRead) refers to mpu9150.o(i.MPU9150Callback) for MPU9150Callback
    mpu9150.o(i.MPU9150Init) refers to i2cm_drv.o(i.I2CMWrite) for I2CMWrite
    mpu9150.o(i.MPU9150Init) refers to mpu9150.o(i.MPU9150Callback) for MPU9150Callback
    mpu9150.o(i.MPU9150Read) refers to i2cm_drv.o(i.I2CMCommand) for I2CMCommand
    mpu9150.o(i.MPU9150Read) refers to mpu9150.o(i.MPU9150Callback) for MPU9150Callback
    mpu9150.o(i.MPU9150ReadModifyWrite) refers to i2cm_drv.o(i.I2CMReadModifyWrite8) for I2CMReadModifyWrite8
    mpu9150.o(i.MPU9150ReadModifyWrite) refers to mpu9150.o(i.MPU9150Callback) for MPU9150Callback
    mpu9150.o(i.MPU9150Write) refers to i2cm_drv.o(i.I2CMWrite8) for I2CMWrite8
    mpu9150.o(i.MPU9150Write) refers to mpu9150.o(i.MPU9150Callback) for MPU9150Callback
    asin.o(i.__hardfp_asin) refers (Special) to iusefp.o(.text) for __I$use$fp
    asin.o(i.__hardfp_asin) refers to dadd.o(.text) for __aeabi_dadd
    asin.o(i.__hardfp_asin) refers to dmul.o(.text) for __aeabi_dmul
    asin.o(i.__hardfp_asin) refers to errno.o(i.__set_errno) for __set_errno
    asin.o(i.__hardfp_asin) refers to ddiv.o(.text) for __aeabi_ddiv
    asin.o(i.__hardfp_asin) refers to fpclassify.o(i.__ARM_fpclassify) for __ARM_fpclassify
    asin.o(i.__hardfp_asin) refers to dunder.o(i.__mathlib_dbl_underflow) for __mathlib_dbl_underflow
    asin.o(i.__hardfp_asin) refers to poly.o(i.__kernel_poly) for __kernel_poly
    asin.o(i.__hardfp_asin) refers to fabs.o(i.fabs) for fabs
    asin.o(i.__hardfp_asin) refers to sqrt.o(i.sqrt) for sqrt
    asin.o(i.__hardfp_asin) refers to asin.o(.constdata) for .constdata
    asin.o(i.__softfp_asin) refers (Special) to iusefp.o(.text) for __I$use$fp
    asin.o(i.__softfp_asin) refers to asin.o(i.__hardfp_asin) for __hardfp_asin
    asin.o(i.asin) refers (Special) to iusefp.o(.text) for __I$use$fp
    asin.o(i.asin) refers to asin.o(i.__hardfp_asin) for __hardfp_asin
    asin.o(.constdata) refers (Special) to iusefp.o(.text) for __I$use$fp
    asin_x.o(i.____hardfp_asin$lsc) refers (Special) to iusefp.o(.text) for __I$use$fp
    asin_x.o(i.____hardfp_asin$lsc) refers to dadd.o(.text) for __aeabi_dadd
    asin_x.o(i.____hardfp_asin$lsc) refers to dmul.o(.text) for __aeabi_dmul
    asin_x.o(i.____hardfp_asin$lsc) refers to errno.o(i.__set_errno) for __set_errno
    asin_x.o(i.____hardfp_asin$lsc) refers to poly.o(i.__kernel_poly) for __kernel_poly
    asin_x.o(i.____hardfp_asin$lsc) refers to ddiv.o(.text) for __aeabi_ddiv
    asin_x.o(i.____hardfp_asin$lsc) refers to fabs.o(i.fabs) for fabs
    asin_x.o(i.____hardfp_asin$lsc) refers to sqrt.o(i.sqrt) for sqrt
    asin_x.o(i.____hardfp_asin$lsc) refers to asin_x.o(.constdata) for .constdata
    asin_x.o(i.____softfp_asin$lsc) refers (Special) to iusefp.o(.text) for __I$use$fp
    asin_x.o(i.____softfp_asin$lsc) refers to asin_x.o(i.____hardfp_asin$lsc) for ____hardfp_asin$lsc
    asin_x.o(i.__asin$lsc) refers (Special) to iusefp.o(.text) for __I$use$fp
    asin_x.o(i.__asin$lsc) refers to asin_x.o(i.____hardfp_asin$lsc) for ____hardfp_asin$lsc
    asin_x.o(.constdata) refers (Special) to iusefp.o(.text) for __I$use$fp
    asinf.o(i.__hardfp_asinf) refers (Special) to iusefp.o(.text) for __I$use$fp
    asinf.o(i.__hardfp_asinf) refers to fpclassifyf.o(i.__ARM_fpclassifyf) for __ARM_fpclassifyf
    asinf.o(i.__hardfp_asinf) refers to funder.o(i.__mathlib_flt_underflow) for __mathlib_flt_underflow
    asinf.o(i.__hardfp_asinf) refers to errno.o(i.__set_errno) for __set_errno
    asinf.o(i.__hardfp_asinf) refers to sqrtf.o(i.sqrtf) for sqrtf
    asinf.o(i.__softfp_asinf) refers (Special) to iusefp.o(.text) for __I$use$fp
    asinf.o(i.__softfp_asinf) refers to asinf.o(i.__hardfp_asinf) for __hardfp_asinf
    asinf.o(i.asinf) refers (Special) to iusefp.o(.text) for __I$use$fp
    asinf.o(i.asinf) refers to asinf.o(i.__hardfp_asinf) for __hardfp_asinf
    asinf_x.o(i.____hardfp_asinf$lsc) refers (Special) to iusefp.o(.text) for __I$use$fp
    asinf_x.o(i.____hardfp_asinf$lsc) refers to errno.o(i.__set_errno) for __set_errno
    asinf_x.o(i.____hardfp_asinf$lsc) refers to sqrtf.o(i.sqrtf) for sqrtf
    asinf_x.o(i.____softfp_asinf$lsc) refers (Special) to iusefp.o(.text) for __I$use$fp
    asinf_x.o(i.____softfp_asinf$lsc) refers to asinf_x.o(i.____hardfp_asinf$lsc) for ____hardfp_asinf$lsc
    asinf_x.o(i.__asinf$lsc) refers (Special) to iusefp.o(.text) for __I$use$fp
    asinf_x.o(i.__asinf$lsc) refers to asinf_x.o(i.____hardfp_asinf$lsc) for ____hardfp_asinf$lsc
    atan2.o(i.__hardfp_atan2) refers (Special) to iusefp.o(.text) for __I$use$fp
    atan2.o(i.__hardfp_atan2) refers to dadd.o(.text) for __aeabi_dadd
    atan2.o(i.__hardfp_atan2) refers to atan.o(i.atan) for atan
    atan2.o(i.__hardfp_atan2) refers to ddiv.o(.text) for __aeabi_ddiv
    atan2.o(i.__hardfp_atan2) refers to fabs.o(i.fabs) for fabs
    atan2.o(i.__hardfp_atan2) refers to qnan.o(.constdata) for __mathlib_zero
    atan2.o(i.__softfp_atan2) refers (Special) to iusefp.o(.text) for __I$use$fp
    atan2.o(i.__softfp_atan2) refers to atan2.o(i.__hardfp_atan2) for __hardfp_atan2
    atan2.o(i.atan2) refers (Special) to iusefp.o(.text) for __I$use$fp
    atan2.o(i.atan2) refers to atan2.o(i.__hardfp_atan2) for __hardfp_atan2
    atan2_x.o(i.____hardfp_atan2$lsc) refers (Special) to iusefp.o(.text) for __I$use$fp
    atan2_x.o(i.____hardfp_atan2$lsc) refers to dadd.o(.text) for __aeabi_dadd
    atan2_x.o(i.____hardfp_atan2$lsc) refers to atan.o(i.atan) for atan
    atan2_x.o(i.____hardfp_atan2$lsc) refers to errno.o(i.__set_errno) for __set_errno
    atan2_x.o(i.____hardfp_atan2$lsc) refers to ddiv.o(.text) for __aeabi_ddiv
    atan2_x.o(i.____hardfp_atan2$lsc) refers to fabs.o(i.fabs) for fabs
    atan2_x.o(i.____hardfp_atan2$lsc) refers to qnan.o(.constdata) for __mathlib_zero
    atan2_x.o(i.____softfp_atan2$lsc) refers (Special) to iusefp.o(.text) for __I$use$fp
    atan2_x.o(i.____softfp_atan2$lsc) refers to atan2_x.o(i.____hardfp_atan2$lsc) for ____hardfp_atan2$lsc
    atan2_x.o(i.__atan2$lsc) refers (Special) to iusefp.o(.text) for __I$use$fp
    atan2_x.o(i.__atan2$lsc) refers to atan2_x.o(i.____hardfp_atan2$lsc) for ____hardfp_atan2$lsc
    atan2f.o(i.__hardfp_atan2f) refers (Special) to iusefp.o(.text) for __I$use$fp
    atan2f.o(i.__hardfp_atan2f) refers to fpclassifyf.o(i.__ARM_fpclassifyf) for __ARM_fpclassifyf
    atan2f.o(i.__hardfp_atan2f) refers to funder.o(i.__mathlib_flt_underflow) for __mathlib_flt_underflow
    atan2f.o(i.__softfp_atan2f) refers (Special) to iusefp.o(.text) for __I$use$fp
    atan2f.o(i.__softfp_atan2f) refers to atan2f.o(i.__hardfp_atan2f) for __hardfp_atan2f
    atan2f.o(i.atan2f) refers (Special) to iusefp.o(.text) for __I$use$fp
    atan2f.o(i.atan2f) refers to atan2f.o(i.__hardfp_atan2f) for __hardfp_atan2f
    atan2f_x.o(i.____hardfp_atan2f$lsc) refers (Special) to iusefp.o(.text) for __I$use$fp
    atan2f_x.o(i.____hardfp_atan2f$lsc) refers to errno.o(i.__set_errno) for __set_errno
    atan2f_x.o(i.____softfp_atan2f$lsc) refers (Special) to iusefp.o(.text) for __I$use$fp
    atan2f_x.o(i.____softfp_atan2f$lsc) refers to atan2f_x.o(i.____hardfp_atan2f$lsc) for ____hardfp_atan2f$lsc
    atan2f_x.o(i.__atan2f$lsc) refers (Special) to iusefp.o(.text) for __I$use$fp
    atan2f_x.o(i.__atan2f$lsc) refers to atan2f_x.o(i.____hardfp_atan2f$lsc) for ____hardfp_atan2f$lsc
    sqrt.o(i.__hardfp_sqrt) refers (Special) to iusefp.o(.text) for __I$use$fp
    sqrt.o(i.__hardfp_sqrt) refers to dsqrt.o(.text) for _dsqrt
    sqrt.o(i.__hardfp_sqrt) refers to errno.o(i.__set_errno) for __set_errno
    sqrt.o(i.__softfp_sqrt) refers (Special) to iusefp.o(.text) for __I$use$fp
    sqrt.o(i.__softfp_sqrt) refers to dsqrt.o(.text) for _dsqrt
    sqrt.o(i.__softfp_sqrt) refers to errno.o(i.__set_errno) for __set_errno
    sqrt.o(i.sqrt) refers (Special) to iusefp.o(.text) for __I$use$fp
    sqrt.o(i.sqrt) refers to dsqrt.o(.text) for _dsqrt
    sqrt.o(i.sqrt) refers to errno.o(i.__set_errno) for __set_errno
    sqrt_x.o(i.____hardfp_sqrt$lsc) refers (Special) to iusefp.o(.text) for __I$use$fp
    sqrt_x.o(i.____hardfp_sqrt$lsc) refers to cdcmple.o(.text) for __aeabi_cdcmple
    sqrt_x.o(i.____hardfp_sqrt$lsc) refers to errno.o(i.__set_errno) for __set_errno
    sqrt_x.o(i.____hardfp_sqrt$lsc) refers to dsqrt.o(.text) for _dsqrt
    sqrt_x.o(i.____softfp_sqrt$lsc) refers (Special) to iusefp.o(.text) for __I$use$fp
    sqrt_x.o(i.____softfp_sqrt$lsc) refers to cdcmple.o(.text) for __aeabi_cdcmple
    sqrt_x.o(i.____softfp_sqrt$lsc) refers to errno.o(i.__set_errno) for __set_errno
    sqrt_x.o(i.____softfp_sqrt$lsc) refers to dsqrt.o(.text) for _dsqrt
    sqrt_x.o(i.__sqrt$lsc) refers (Special) to iusefp.o(.text) for __I$use$fp
    sqrt_x.o(i.__sqrt$lsc) refers to cdcmple.o(.text) for __aeabi_cdcmple
    sqrt_x.o(i.__sqrt$lsc) refers to errno.o(i.__set_errno) for __set_errno
    sqrt_x.o(i.__sqrt$lsc) refers to dsqrt.o(.text) for _dsqrt
    sqrtf.o(i.__hardfp_sqrtf) refers (Special) to iusefp.o(.text) for __I$use$fp
    sqrtf.o(i.__hardfp_sqrtf) refers to errno.o(i.__set_errno) for __set_errno
    sqrtf.o(i.__softfp_sqrtf) refers (Special) to iusefp.o(.text) for __I$use$fp
    sqrtf.o(i.__softfp_sqrtf) refers to errno.o(i.__set_errno) for __set_errno
    sqrtf.o(i.sqrtf) refers (Special) to iusefp.o(.text) for __I$use$fp
    sqrtf.o(i.sqrtf) refers to errno.o(i.__set_errno) for __set_errno
    sqrtf_x.o(i.____hardfp_sqrtf$lsc) refers (Special) to iusefp.o(.text) for __I$use$fp
    sqrtf_x.o(i.____hardfp_sqrtf$lsc) refers to errno.o(i.__set_errno) for __set_errno
    sqrtf_x.o(i.____softfp_sqrtf$lsc) refers (Special) to iusefp.o(.text) for __I$use$fp
    sqrtf_x.o(i.____softfp_sqrtf$lsc) refers to errno.o(i.__set_errno) for __set_errno
    sqrtf_x.o(i.__sqrtf$lsc) refers (Special) to iusefp.o(.text) for __I$use$fp
    sqrtf_x.o(i.__sqrtf$lsc) refers to errno.o(i.__set_errno) for __set_errno
    entry.o(.ARM.Collect$$$$00000000) refers (Special) to entry10a.o(.ARM.Collect$$$$0000000D) for __rt_final_cpp
    entry.o(.ARM.Collect$$$$00000000) refers (Special) to entry11a.o(.ARM.Collect$$$$0000000F) for __rt_final_exit
    entry.o(.ARM.Collect$$$$00000000) refers (Special) to entry7b.o(.ARM.Collect$$$$00000008) for _main_clock
    entry.o(.ARM.Collect$$$$00000000) refers (Special) to entry8b.o(.ARM.Collect$$$$0000000A) for _main_cpp_init
    entry.o(.ARM.Collect$$$$00000000) refers (Special) to entry9a.o(.ARM.Collect$$$$0000000B) for _main_init
    entry.o(.ARM.Collect$$$$00000000) refers (Special) to entry5.o(.ARM.Collect$$$$00000004) for _main_scatterload
    entry.o(.ARM.Collect$$$$00000000) refers (Special) to entry2.o(.ARM.Collect$$$$00000001) for _main_stk
    dadd.o(.text) refers (Special) to iusefp.o(.text) for __I$use$fp
    dadd.o(.text) refers to llshl.o(.text) for __aeabi_llsl
    dadd.o(.text) refers to llsshr.o(.text) for __aeabi_lasr
    dadd.o(.text) refers to depilogue.o(.text) for _double_epilogue
    dmul.o(.text) refers (Special) to iusefp.o(.text) for __I$use$fp
    dmul.o(.text) refers to depilogue.o(.text) for _double_epilogue
    f2d.o(.text) refers (Special) to iusefp.o(.text) for __I$use$fp
    cdcmple.o(.text) refers (Special) to iusefp.o(.text) for __I$use$fp
    cdrcmple.o(.text) refers (Special) to iusefp.o(.text) for __I$use$fp
    d2f.o(.text) refers (Special) to iusefp.o(.text) for __I$use$fp
    d2f.o(.text) refers to fepilogue.o(.text) for _float_round
    atan.o(i.__hardfp_atan) refers (Special) to iusefp.o(.text) for __I$use$fp
    atan.o(i.__hardfp_atan) refers to dadd.o(.text) for __aeabi_dadd
    atan.o(i.__hardfp_atan) refers to fpclassify.o(i.__ARM_fpclassify) for __ARM_fpclassify
    atan.o(i.__hardfp_atan) refers to dunder.o(i.__mathlib_dbl_underflow) for __mathlib_dbl_underflow
    atan.o(i.__hardfp_atan) refers to fabs.o(i.fabs) for fabs
    atan.o(i.__hardfp_atan) refers to dmul.o(.text) for __aeabi_dmul
    atan.o(i.__hardfp_atan) refers to ddiv.o(.text) for __aeabi_ddiv
    atan.o(i.__hardfp_atan) refers to poly.o(i.__kernel_poly) for __kernel_poly
    atan.o(i.__hardfp_atan) refers to atan.o(.constdata) for .constdata
    atan.o(i.__softfp_atan) refers (Special) to iusefp.o(.text) for __I$use$fp
    atan.o(i.__softfp_atan) refers to atan.o(i.__hardfp_atan) for __hardfp_atan
    atan.o(i.atan) refers (Special) to iusefp.o(.text) for __I$use$fp
    atan.o(i.atan) refers to atan.o(i.__hardfp_atan) for __hardfp_atan
    atan.o(.constdata) refers (Special) to iusefp.o(.text) for __I$use$fp
    atan_x.o(i.____hardfp_atan$lsc) refers (Special) to iusefp.o(.text) for __I$use$fp
    atan_x.o(i.____hardfp_atan$lsc) refers to dadd.o(.text) for __aeabi_dadd
    atan_x.o(i.____hardfp_atan$lsc) refers to fabs.o(i.fabs) for fabs
    atan_x.o(i.____hardfp_atan$lsc) refers to dmul.o(.text) for __aeabi_dmul
    atan_x.o(i.____hardfp_atan$lsc) refers to ddiv.o(.text) for __aeabi_ddiv
    atan_x.o(i.____hardfp_atan$lsc) refers to poly.o(i.__kernel_poly) for __kernel_poly
    atan_x.o(i.____hardfp_atan$lsc) refers to atan_x.o(.constdata) for .constdata
    atan_x.o(i.____softfp_atan$lsc) refers (Special) to iusefp.o(.text) for __I$use$fp
    atan_x.o(i.____softfp_atan$lsc) refers to atan_x.o(i.____hardfp_atan$lsc) for ____hardfp_atan$lsc
    atan_x.o(i.__atan$lsc) refers (Special) to iusefp.o(.text) for __I$use$fp
    atan_x.o(i.__atan$lsc) refers to atan_x.o(i.____hardfp_atan$lsc) for ____hardfp_atan$lsc
    atan_x.o(.constdata) refers (Special) to iusefp.o(.text) for __I$use$fp
    dunder.o(i.__mathlib_dbl_underflow) refers to dmul.o(.text) for __aeabi_dmul
    fabs.o(i.__hardfp_fabs) refers (Special) to iusefp.o(.text) for __I$use$fp
    fabs.o(i.__softfp_fabs) refers (Special) to iusefp.o(.text) for __I$use$fp
    fabs.o(i.fabs) refers (Special) to iusefp.o(.text) for __I$use$fp
    fpclassify.o(i.__ARM_fpclassify) refers (Special) to iusefp.o(.text) for __I$use$fp
    fpclassifyf.o(i.__ARM_fpclassifyf) refers (Special) to iusefp.o(.text) for __I$use$fp
    poly.o(i.__kernel_poly) refers (Special) to iusefp.o(.text) for __I$use$fp
    poly.o(i.__kernel_poly) refers to dmul.o(.text) for __aeabi_dmul
    poly.o(i.__kernel_poly) refers to dadd.o(.text) for __aeabi_dadd
    qnan.o(.constdata) refers (Special) to iusefp.o(.text) for __I$use$fp
    entry2.o(.ARM.Collect$$$$00000001) refers to entry2.o(.ARM.Collect$$$$00002712) for __lit__00000000
    entry2.o(.ARM.Collect$$$$00002712) refers to startup_rvmdk.o(STACK) for __initial_sp
    entry2.o(__vectab_stack_and_reset_area) refers to startup_rvmdk.o(STACK) for __initial_sp
    entry2.o(__vectab_stack_and_reset_area) refers to entry.o(.ARM.Collect$$$$00000000) for __main
    entry5.o(.ARM.Collect$$$$00000004) refers to init.o(.text) for __scatterload
    entry9a.o(.ARM.Collect$$$$0000000B) refers to main.o(i.main) for main
    entry9b.o(.ARM.Collect$$$$0000000C) refers to main.o(i.main) for main
    errno.o(i.__aeabi_errno_addr) refers to errno.o(.data) for .data
    errno.o(i.__read_errno) refers to errno.o(.data) for .data
    errno.o(i.__set_errno) refers to errno.o(.data) for .data
    depilogue.o(.text) refers to llshl.o(.text) for __aeabi_llsl
    depilogue.o(.text) refers to llushr.o(.text) for __aeabi_llsr
    ddiv.o(.text) refers to depilogue.o(.text) for _double_round
    dsqrt.o(.text) refers to llushr.o(.text) for __aeabi_llsr
    dsqrt.o(.text) refers to depilogue.o(.text) for _double_round
    init.o(.text) refers to entry5.o(.ARM.Collect$$$$00000004) for __main_after_scatterload
    i2cm_drv.o(i.I2CMWrite) refers to i2cm_drv.o(i.I2CMCommand) for I2CMCommand
    i2cm_drv.o(i.I2CMRead) refers to i2cm_drv.o(i.I2CMCommand) for I2CMCommand
    i2cm_drv.o(i.I2CMWriteBatched) refers to i2cm_drv.o(i.I2CMCommand) for I2CMCommand
    i2cm_drv.o(i.I2CMReadBatched) refers to i2cm_drv.o(i.I2CMCommand) for I2CMCommand
    i2cm_drv.o(i.I2CMReadModifyWrite16BE) refers to i2cm_drv.o(i.I2CMReadModifyWrite16LE) for I2CMReadModifyWrite16LE


==============================================================================

Removing Unused input sections from the image.

    Removing startup_rvmdk.o(HEAP), (0 bytes).
    Removing startup_rvmdk.o(.text), (0 bytes).
    Removing main.o(i.MPU9150AppErrorHandler), (2 bytes).
    Removing main.o(.constdata), (4 bytes).
    Removing main.o(.data), (4 bytes).
    Removing main.o(.data), (4 bytes).
    Removing main.o(.data), (4 bytes).
    Removing main.o(.data), (4 bytes).
    Removing main.o(.data), (4 bytes).
    Removing main.o(.data), (4 bytes).
    Removing main.o(.data), (4 bytes).
    Removing uartstdio.o(i.GetBufferCount), (18 bytes).
    Removing uartstdio.o(i.IsBufferEmpty), (16 bytes).
    Removing uartstdio.o(i.IsBufferFull), (26 bytes).
    Removing uartstdio.o(i.UARTEchoSet), (16 bytes).
    Removing uartstdio.o(i.UARTFlushRx), (40 bytes).
    Removing uartstdio.o(i.UARTFlushTx), (56 bytes).
    Removing uartstdio.o(i.UARTPeek), (60 bytes).
    Removing uartstdio.o(i.UARTPrimeTransmit), (120 bytes).
    Removing uartstdio.o(i.UARTRxBytesAvail), (16 bytes).
    Removing uartstdio.o(i.UARTStdioConfig), (152 bytes).
    Removing uartstdio.o(i.UARTStdioIntHandler), (264 bytes).
    Removing uartstdio.o(i.UARTTxBytesFree), (24 bytes).
    Removing uartstdio.o(i.UARTgetc), (44 bytes).
    Removing uartstdio.o(i.UARTgets), (88 bytes).
    Removing uartstdio.o(i.UARTprintf), (18 bytes).
    Removing uartstdio.o(i.UARTvprintf), (436 bytes).
    Removing uartstdio.o(i.UARTwrite), (144 bytes).
    Removing uartstdio.o(.bss), (1152 bytes).
    Removing uartstdio.o(.constdata), (40 bytes).
    Removing uartstdio.o(.conststring), (17 bytes).
    Removing uartstdio.o(.data), (28 bytes).
    Removing ahrs_2010.o(i.AHRSupdate), (1508 bytes).
    Removing ahrs_2010.o(.data), (28 bytes).
    Removing quatoe.o(i.QuatoE_Math), (444 bytes).
    Removing quatoe.o(i.quaternion2EulerRad), (296 bytes).
    Removing quatoe.o(.constdata), (4 bytes).
    Removing madgwickahrs.o(i.MadgwickAHRSupdate), (1460 bytes).
    Removing madgwickahrs.o(i.MadgwickAHRSupdateIMU), (676 bytes).
    Removing madgwickahrs.o(i.invSqrt), (44 bytes).
    Removing madgwickahrs.o(.data), (20 bytes).
    Removing gpio.o(i.GPIOADCTriggerDisable), (14 bytes).
    Removing gpio.o(i.GPIOADCTriggerEnable), (14 bytes).
    Removing gpio.o(i.GPIODMATriggerDisable), (14 bytes).
    Removing gpio.o(i.GPIODMATriggerEnable), (14 bytes).
    Removing gpio.o(i.GPIODirModeGet), (34 bytes).
    Removing gpio.o(i.GPIOIntDisable), (14 bytes).
    Removing gpio.o(i.GPIOIntTypeGet), (68 bytes).
    Removing gpio.o(i.GPIOIntUnregister), (88 bytes).
    Removing gpio.o(i.GPIOPadConfigGet), (204 bytes).
    Removing gpio.o(i.GPIOPinRead), (6 bytes).
    Removing gpio.o(i.GPIOPinTypeADC), (28 bytes).
    Removing gpio.o(i.GPIOPinTypeCAN), (28 bytes).
    Removing gpio.o(i.GPIOPinTypeCIR), (28 bytes).
    Removing gpio.o(i.GPIOPinTypeComparator), (28 bytes).
    Removing gpio.o(i.GPIOPinTypeEPI), (28 bytes).
    Removing gpio.o(i.GPIOPinTypeEthernetLED), (28 bytes).
    Removing gpio.o(i.GPIOPinTypeEthernetMII), (28 bytes).
    Removing gpio.o(i.GPIOPinTypeGPIOOutput), (28 bytes).
    Removing gpio.o(i.GPIOPinTypeGPIOOutputOD), (28 bytes).
    Removing gpio.o(i.GPIOPinTypeKBColumn), (28 bytes).
    Removing gpio.o(i.GPIOPinTypeKBRow), (28 bytes).
    Removing gpio.o(i.GPIOPinTypeLCD), (28 bytes).
    Removing gpio.o(i.GPIOPinTypeLEDSeq), (28 bytes).
    Removing gpio.o(i.GPIOPinTypeLPC), (28 bytes).
    Removing gpio.o(i.GPIOPinTypePECIRx), (28 bytes).
    Removing gpio.o(i.GPIOPinTypePECITx), (28 bytes).
    Removing gpio.o(i.GPIOPinTypePWM), (28 bytes).
    Removing gpio.o(i.GPIOPinTypeQEI), (28 bytes).
    Removing gpio.o(i.GPIOPinTypeSSI), (28 bytes).
    Removing gpio.o(i.GPIOPinTypeTimer), (28 bytes).
    Removing gpio.o(i.GPIOPinTypeUSBAnalog), (28 bytes).
    Removing gpio.o(i.GPIOPinTypeUSBDigital), (28 bytes).
    Removing gpio.o(i.GPIOPinTypeWakeHigh), (30 bytes).
    Removing gpio.o(i.GPIOPinTypeWakeLow), (30 bytes).
    Removing gpio.o(i.GPIOPinWakeStatus), (6 bytes).
    Removing gpio.o(i.GPIOPinWrite), (6 bytes).
    Removing i2c.o(i.I2CFIFODataGet), (16 bytes).
    Removing i2c.o(i.I2CFIFODataGetNonBlocking), (24 bytes).
    Removing i2c.o(i.I2CFIFODataPut), (16 bytes).
    Removing i2c.o(i.I2CFIFODataPutNonBlocking), (20 bytes).
    Removing i2c.o(i.I2CFIFOStatus), (6 bytes).
    Removing i2c.o(i.I2CIntUnregister), (96 bytes).
    Removing i2c.o(i.I2CMasterBurstCountGet), (4 bytes).
    Removing i2c.o(i.I2CMasterBurstLengthSet), (4 bytes).
    Removing i2c.o(i.I2CMasterBusBusy), (12 bytes).
    Removing i2c.o(i.I2CMasterBusy), (12 bytes).
    Removing i2c.o(i.I2CMasterDisable), (10 bytes).
    Removing i2c.o(i.I2CMasterEnable), (10 bytes).
    Removing i2c.o(i.I2CMasterErr), (24 bytes).
    Removing i2c.o(i.I2CMasterGlitchFilterConfigSet), (8 bytes).
    Removing i2c.o(i.I2CMasterIntClearEx), (4 bytes).
    Removing i2c.o(i.I2CMasterIntDisable), (6 bytes).
    Removing i2c.o(i.I2CMasterIntDisableEx), (10 bytes).
    Removing i2c.o(i.I2CMasterIntEnable), (6 bytes).
    Removing i2c.o(i.I2CMasterIntStatus), (24 bytes).
    Removing i2c.o(i.I2CMasterIntStatusEx), (10 bytes).
    Removing i2c.o(i.I2CMasterLineStateGet), (4 bytes).
    Removing i2c.o(i.I2CMasterTimeoutSet), (4 bytes).
    Removing i2c.o(i.I2CRxFIFOConfigSet), (20 bytes).
    Removing i2c.o(i.I2CRxFIFOFlush), (16 bytes).
    Removing i2c.o(i.I2CSlaveACKOverride), (24 bytes).
    Removing i2c.o(i.I2CSlaveACKValueSet), (24 bytes).
    Removing i2c.o(i.I2CSlaveAddressSet), (24 bytes).
    Removing i2c.o(i.I2CSlaveDataGet), (6 bytes).
    Removing i2c.o(i.I2CSlaveDataPut), (6 bytes).
    Removing i2c.o(i.I2CSlaveDisable), (16 bytes).
    Removing i2c.o(i.I2CSlaveEnable), (16 bytes).
    Removing i2c.o(i.I2CSlaveFIFODisable), (8 bytes).
    Removing i2c.o(i.I2CSlaveFIFOEnable), (10 bytes).
    Removing i2c.o(i.I2CSlaveInit), (20 bytes).
    Removing i2c.o(i.I2CSlaveIntClear), (8 bytes).
    Removing i2c.o(i.I2CSlaveIntClearEx), (6 bytes).
    Removing i2c.o(i.I2CSlaveIntDisable), (16 bytes).
    Removing i2c.o(i.I2CSlaveIntDisableEx), (14 bytes).
    Removing i2c.o(i.I2CSlaveIntEnable), (16 bytes).
    Removing i2c.o(i.I2CSlaveIntEnableEx), (14 bytes).
    Removing i2c.o(i.I2CSlaveIntStatus), (28 bytes).
    Removing i2c.o(i.I2CSlaveIntStatusEx), (14 bytes).
    Removing i2c.o(i.I2CSlaveStatus), (6 bytes).
    Removing i2c.o(i.I2CTxFIFOConfigSet), (22 bytes).
    Removing i2c.o(i.I2CTxFIFOFlush), (16 bytes).
    Removing interrupt.o(i.IntMasterDisable), (14 bytes).
    Removing interrupt.o(i.IntPendClear), (68 bytes).
    Removing interrupt.o(i.IntPendSet), (84 bytes).
    Removing interrupt.o(i.IntPriorityGet), (28 bytes).
    Removing interrupt.o(i.IntPriorityGroupingGet), (36 bytes).
    Removing interrupt.o(i.IntPriorityGroupingSet), (28 bytes).
    Removing interrupt.o(i.IntPriorityMaskGet), (4 bytes).
    Removing interrupt.o(i.IntPriorityMaskSet), (4 bytes).
    Removing interrupt.o(i.IntPrioritySet), (40 bytes).
    Removing interrupt.o(i.IntUnregister), (20 bytes).
    Removing interrupt.o(i._IntDefaultHandler), (2 bytes).
    Removing sysctl.o(i.SysCtlAltClkConfig), (12 bytes).
    Removing sysctl.o(i.SysCtlClockFreqSet), (712 bytes).
    Removing sysctl.o(i.SysCtlClockGet), (356 bytes).
    Removing sysctl.o(i.SysCtlClockOutConfig), (16 bytes).
    Removing sysctl.o(i.SysCtlDeepSleep), (32 bytes).
    Removing sysctl.o(i.SysCtlDeepSleepClockConfigSet), (112 bytes).
    Removing sysctl.o(i.SysCtlDeepSleepClockSet), (12 bytes).
    Removing sysctl.o(i.SysCtlDeepSleepPowerSet), (12 bytes).
    Removing sysctl.o(i.SysCtlFlashSectorSizeGet), (56 bytes).
    Removing sysctl.o(i.SysCtlFlashSizeGet), (56 bytes).
    Removing sysctl.o(i.SysCtlGPIOAHBDisable), (28 bytes).
    Removing sysctl.o(i.SysCtlGPIOAHBEnable), (24 bytes).
    Removing sysctl.o(i.SysCtlIntClear), (12 bytes).
    Removing sysctl.o(i.SysCtlIntDisable), (16 bytes).
    Removing sysctl.o(i.SysCtlIntEnable), (16 bytes).
    Removing sysctl.o(i.SysCtlIntRegister), (20 bytes).
    Removing sysctl.o(i.SysCtlIntStatus), (16 bytes).
    Removing sysctl.o(i.SysCtlIntUnregister), (18 bytes).
    Removing sysctl.o(i.SysCtlLDODeepSleepGet), (12 bytes).
    Removing sysctl.o(i.SysCtlLDODeepSleepSet), (12 bytes).
    Removing sysctl.o(i.SysCtlLDOSleepGet), (12 bytes).
    Removing sysctl.o(i.SysCtlLDOSleepSet), (12 bytes).
    Removing sysctl.o(i.SysCtlMOSCConfigSet), (12 bytes).
    Removing sysctl.o(i.SysCtlNMIClear), (16 bytes).
    Removing sysctl.o(i.SysCtlNMIStatus), (12 bytes).
    Removing sysctl.o(i.SysCtlPIOSCCalibrate), (76 bytes).
    Removing sysctl.o(i.SysCtlPWMClockGet), (24 bytes).
    Removing sysctl.o(i.SysCtlPWMClockSet), (20 bytes).
    Removing sysctl.o(i.SysCtlPeripheralClockGating), (68 bytes).
    Removing sysctl.o(i.SysCtlPeripheralDeepSleepDisable), (40 bytes).
    Removing sysctl.o(i.SysCtlPeripheralDeepSleepEnable), (40 bytes).
    Removing sysctl.o(i.SysCtlPeripheralDisable), (40 bytes).
    Removing sysctl.o(i.SysCtlPeripheralPowerOff), (40 bytes).
    Removing sysctl.o(i.SysCtlPeripheralPowerOn), (40 bytes).
    Removing sysctl.o(i.SysCtlPeripheralPresent), (44 bytes).
    Removing sysctl.o(i.SysCtlPeripheralReady), (44 bytes).
    Removing sysctl.o(i.SysCtlPeripheralReset), (60 bytes).
    Removing sysctl.o(i.SysCtlPeripheralSleepDisable), (40 bytes).
    Removing sysctl.o(i.SysCtlPeripheralSleepEnable), (40 bytes).
    Removing sysctl.o(i.SysCtlReset), (16 bytes).
    Removing sysctl.o(i.SysCtlResetBehaviorGet), (12 bytes).
    Removing sysctl.o(i.SysCtlResetBehaviorSet), (12 bytes).
    Removing sysctl.o(i.SysCtlResetCauseClear), (16 bytes).
    Removing sysctl.o(i.SysCtlResetCauseGet), (12 bytes).
    Removing sysctl.o(i.SysCtlSRAMSizeGet), (16 bytes).
    Removing sysctl.o(i.SysCtlSleep), (4 bytes).
    Removing sysctl.o(i.SysCtlSleepPowerSet), (12 bytes).
    Removing sysctl.o(i.SysCtlUSBPLLDisable), (16 bytes).
    Removing sysctl.o(i.SysCtlUSBPLLEnable), (16 bytes).
    Removing sysctl.o(i.SysCtlVoltageEventClear), (16 bytes).
    Removing sysctl.o(i.SysCtlVoltageEventConfig), (12 bytes).
    Removing sysctl.o(i.SysCtlVoltageEventStatus), (12 bytes).
    Removing sysctl.o(.constdata), (452 bytes).
    Removing timer.o(i.TimerADCEventGet), (4 bytes).
    Removing timer.o(i.TimerADCEventSet), (4 bytes).
    Removing timer.o(i.TimerClockSourceGet), (6 bytes).
    Removing timer.o(i.TimerClockSourceSet), (6 bytes).
    Removing timer.o(i.TimerControlEvent), (18 bytes).
    Removing timer.o(i.TimerControlLevel), (22 bytes).
    Removing timer.o(i.TimerControlStall), (22 bytes).
    Removing timer.o(i.TimerControlTrigger), (76 bytes).
    Removing timer.o(i.TimerControlWaitOnTrigger), (48 bytes).
    Removing timer.o(i.TimerDMAEventGet), (4 bytes).
    Removing timer.o(i.TimerDMAEventSet), (4 bytes).
    Removing timer.o(i.TimerDisable), (16 bytes).
    Removing timer.o(i.TimerIntClear), (4 bytes).
    Removing timer.o(i.TimerIntDisable), (10 bytes).
    Removing timer.o(i.TimerIntEnable), (8 bytes).
    Removing timer.o(i.TimerIntRegister), (104 bytes).
    Removing timer.o(i.TimerIntStatus), (10 bytes).
    Removing timer.o(i.TimerIntUnregister), (104 bytes).
    Removing timer.o(i.TimerLoadGet), (10 bytes).
    Removing timer.o(i.TimerLoadGet64), (14 bytes).
    Removing timer.o(i.TimerLoadSet64), (6 bytes).
    Removing timer.o(i.TimerMatchGet), (10 bytes).
    Removing timer.o(i.TimerMatchGet64), (14 bytes).
    Removing timer.o(i.TimerMatchSet), (18 bytes).
    Removing timer.o(i.TimerMatchSet64), (6 bytes).
    Removing timer.o(i.TimerPrescaleGet), (10 bytes).
    Removing timer.o(i.TimerPrescaleMatchGet), (10 bytes).
    Removing timer.o(i.TimerPrescaleMatchSet), (18 bytes).
    Removing timer.o(i.TimerPrescaleSet), (18 bytes).
    Removing timer.o(i.TimerRTCDisable), (10 bytes).
    Removing timer.o(i.TimerRTCEnable), (10 bytes).
    Removing timer.o(i.TimerSynchronize), (4 bytes).
    Removing timer.o(i.TimerUpdateMode), (42 bytes).
    Removing timer.o(i.TimerValueGet), (10 bytes).
    Removing timer.o(i.TimerValueGet64), (14 bytes).
    Removing timer.o(.constdata), (160 bytes).
    Removing uart.o(i.UART9BitAddrSend), (38 bytes).
    Removing uart.o(i.UART9BitAddrSet), (10 bytes).
    Removing uart.o(i.UART9BitDisable), (14 bytes).
    Removing uart.o(i.UART9BitEnable), (14 bytes).
    Removing uart.o(i.UARTBreakCtl), (18 bytes).
    Removing uart.o(i.UARTBusy), (8 bytes).
    Removing uart.o(i.UARTCharGet), (12 bytes).
    Removing uart.o(i.UARTCharGetNonBlocking), (16 bytes).
    Removing uart.o(i.UARTCharPutNonBlocking), (16 bytes).
    Removing uart.o(i.UARTCharsAvail), (10 bytes).
    Removing uart.o(i.UARTClockSourceGet), (6 bytes).
    Removing uart.o(i.UARTClockSourceSet), (6 bytes).
    Removing uart.o(i.UARTConfigGetExpClk), (46 bytes).
    Removing uart.o(i.UARTDMADisable), (10 bytes).
    Removing uart.o(i.UARTDMAEnable), (8 bytes).
    Removing uart.o(i.UARTDisable), (30 bytes).
    Removing uart.o(i.UARTDisableSIR), (10 bytes).
    Removing uart.o(i.UARTEnableSIR), (18 bytes).
    Removing uart.o(i.UARTFIFODisable), (10 bytes).
    Removing uart.o(i.UARTFIFOEnable), (10 bytes).
    Removing uart.o(i.UARTFIFOLevelGet), (16 bytes).
    Removing uart.o(i.UARTFIFOLevelSet), (6 bytes).
    Removing uart.o(i.UARTFlowControlGet), (8 bytes).
    Removing uart.o(i.UARTFlowControlSet), (12 bytes).
    Removing uart.o(i.UARTIntClear), (4 bytes).
    Removing uart.o(i.UARTIntDisable), (10 bytes).
    Removing uart.o(i.UARTIntEnable), (8 bytes).
    Removing uart.o(i.UARTIntRegister), (88 bytes).
    Removing uart.o(i.UARTIntStatus), (10 bytes).
    Removing uart.o(i.UARTIntUnregister), (88 bytes).
    Removing uart.o(i.UARTModemControlClear), (14 bytes).
    Removing uart.o(i.UARTModemControlGet), (8 bytes).
    Removing uart.o(i.UARTModemControlSet), (12 bytes).
    Removing uart.o(i.UARTModemStatusGet), (10 bytes).
    Removing uart.o(i.UARTParityModeGet), (8 bytes).
    Removing uart.o(i.UARTParityModeSet), (12 bytes).
    Removing uart.o(i.UARTRxErrorClear), (6 bytes).
    Removing uart.o(i.UARTRxErrorGet), (8 bytes).
    Removing uart.o(i.UARTSmartCardDisable), (10 bytes).
    Removing uart.o(i.UARTSmartCardEnable), (22 bytes).
    Removing uart.o(i.UARTSpaceAvail), (10 bytes).
    Removing uart.o(i.UARTTxIntModeGet), (8 bytes).
    Removing uart.o(i.UARTTxIntModeSet), (12 bytes).
    Removing uart.o(.constdata), (128 bytes).
    Removing comp_dcm.o(i.CompDCMAccelUpdate), (14 bytes).
    Removing comp_dcm.o(i.CompDCMComputeEulers), (76 bytes).
    Removing comp_dcm.o(i.CompDCMComputeQuaternion), (532 bytes).
    Removing comp_dcm.o(i.CompDCMGyroUpdate), (14 bytes).
    Removing comp_dcm.o(i.CompDCMMagnetoUpdate), (14 bytes).
    Removing comp_dcm.o(i.CompDCMMatrixGet), (74 bytes).
    Removing comp_dcm.o(i.CompDCMStart), (288 bytes).
    Removing comp_dcm.o(i.CompDCMUpdate), (740 bytes).
    Removing i2cm_drv.o(i.I2CMRead16BE), (80 bytes).
    Removing i2cm_drv.o(i.I2CMRead16BECallback), (54 bytes).
    Removing i2cm_drv.o(i.I2CMReadModifyWrite16LE), (140 bytes).
    Removing i2cm_drv.o(i.I2CMReadModifyWrite16LECallback), (120 bytes).
    Removing i2cm_drv.o(i.I2CMReadModifyWrite8), (136 bytes).
    Removing i2cm_drv.o(i.I2CMReadModifyWrite8Callback), (112 bytes).
    Removing i2cm_drv.o(i.I2CMTransferResume), (52 bytes).
    Removing i2cm_drv.o(i.I2CMWrite16BE), (84 bytes).
    Removing i2cm_drv.o(i.I2CMWrite16BECallback), (94 bytes).
    Removing mpu9150.o(i.MPU9150DataAccelGetRaw), (36 bytes).
    Removing mpu9150.o(i.MPU9150DataGyroGetRaw), (40 bytes).
    Removing mpu9150.o(i.MPU9150DataMagnetoGetRaw), (36 bytes).
    Removing mpu9150.o(i.MPU9150MagnetoInstGet), (4 bytes).
    Removing mpu9150.o(i.MPU9150Read), (100 bytes).
    Removing mpu9150.o(i.MPU9150ReadModifyWrite), (88 bytes).
    Removing vector.o(i.VectorAdd), (50 bytes).
    Removing vector.o(i.VectorCrossProduct), (86 bytes).
    Removing vector.o(i.VectorDotProduct), (38 bytes).
    Removing vector.o(i.VectorScale), (38 bytes).
    Removing dadd.o(.text), (334 bytes).
    Removing cdcmple.o(.text), (40 bytes).
    Removing cdrcmple.o(.text), (40 bytes).
    Removing ddiv.o(.text), (222 bytes).
    Removing dneg.o(.text), (6 bytes).
    Removing dsqrt.o(.text), (162 bytes).
    Removing i2cm_drv.o(i.I2CMRead), (32 bytes).
    Removing i2cm_drv.o(i.I2CMWriteBatched), (36 bytes).
    Removing i2cm_drv.o(i.I2CMReadBatched), (28 bytes).
    Removing i2cm_drv.o(i.I2CMReadModifyWrite16BE), (50 bytes).

303 unused section(s) (total 18081 bytes) removed from the image.

==============================================================================

Image Symbol Table

    Local Symbols

    Symbol Name                              Value     Ov Type        Size  Object(Section)

    RESET                                    0x00000000   Section      648  startup_rvmdk.o(RESET)
    ../clib/../cmprslib/zerorunl.c           0x00000000   Number         0  __dczerorl.o ABSOLUTE
    ../clib/microlib/errno.c                 0x00000000   Number         0  errno.o ABSOLUTE
    ../clib/microlib/init/entry.s            0x00000000   Number         0  entry.o ABSOLUTE
    ../clib/microlib/init/entry.s            0x00000000   Number         0  entry8a.o ABSOLUTE
    ../clib/microlib/init/entry.s            0x00000000   Number         0  entry8b.o ABSOLUTE
    ../clib/microlib/init/entry.s            0x00000000   Number         0  entry11b.o ABSOLUTE
    ../clib/microlib/init/entry.s            0x00000000   Number         0  entry10b.o ABSOLUTE
    ../clib/microlib/init/entry.s            0x00000000   Number         0  entry2.o ABSOLUTE
    ../clib/microlib/init/entry.s            0x00000000   Number         0  entry9a.o ABSOLUTE
    ../clib/microlib/init/entry.s            0x00000000   Number         0  entry9b.o ABSOLUTE
    ../clib/microlib/init/entry.s            0x00000000   Number         0  entry10a.o ABSOLUTE
    ../clib/microlib/init/entry.s            0x00000000   Number         0  entry5.o ABSOLUTE
    ../clib/microlib/init/entry.s            0x00000000   Number         0  entry11a.o ABSOLUTE
    ../clib/microlib/init/entry.s            0x00000000   Number         0  entry7a.o ABSOLUTE
    ../clib/microlib/init/entry.s            0x00000000   Number         0  entry7b.o ABSOLUTE
    ../clib/microlib/longlong.c              0x00000000   Number         0  llushr.o ABSOLUTE
    ../clib/microlib/longlong.c              0x00000000   Number         0  llsshr.o ABSOLUTE
    ../clib/microlib/longlong.c              0x00000000   Number         0  llshl.o ABSOLUTE
    ../clib/microlib/stubs.s                 0x00000000   Number         0  iusefp.o ABSOLUTE
    ../fplib/microlib/d2f.c                  0x00000000   Number         0  d2f.o ABSOLUTE
    ../fplib/microlib/f2d.c                  0x00000000   Number         0  f2d.o ABSOLUTE
    ../fplib/microlib/fpadd.c                0x00000000   Number         0  dadd.o ABSOLUTE
    ../fplib/microlib/fpdiv.c                0x00000000   Number         0  ddiv.o ABSOLUTE
    ../fplib/microlib/fpepilogue.c           0x00000000   Number         0  fepilogue.o ABSOLUTE
    ../fplib/microlib/fpepilogue.c           0x00000000   Number         0  depilogue.o ABSOLUTE
    ../fplib/microlib/fpmul.c                0x00000000   Number         0  dmul.o ABSOLUTE
    ../fplib/microlib/fpneg.c                0x00000000   Number         0  dneg.o ABSOLUTE
    ../fplib/microlib/fpsqrt.c               0x00000000   Number         0  dsqrt.o ABSOLUTE
    ../mathlib/asin.c                        0x00000000   Number         0  asin_x.o ABSOLUTE
    ../mathlib/asin.c                        0x00000000   Number         0  asin.o ABSOLUTE
    ../mathlib/asinf.c                       0x00000000   Number         0  asinf_x.o ABSOLUTE
    ../mathlib/asinf.c                       0x00000000   Number         0  asinf.o ABSOLUTE
    ../mathlib/atan.c                        0x00000000   Number         0  atan_x.o ABSOLUTE
    ../mathlib/atan.c                        0x00000000   Number         0  atan.o ABSOLUTE
    ../mathlib/atan2.c                       0x00000000   Number         0  atan2_x.o ABSOLUTE
    ../mathlib/atan2.c                       0x00000000   Number         0  atan2.o ABSOLUTE
    ../mathlib/atan2f.c                      0x00000000   Number         0  atan2f.o ABSOLUTE
    ../mathlib/atan2f.c                      0x00000000   Number         0  atan2f_x.o ABSOLUTE
    ../mathlib/dunder.c                      0x00000000   Number         0  dunder.o ABSOLUTE
    ../mathlib/fabs.c                        0x00000000   Number         0  fabs.o ABSOLUTE
    ../mathlib/fpclassify.c                  0x00000000   Number         0  fpclassify.o ABSOLUTE
    ../mathlib/fpclassifyf.c                 0x00000000   Number         0  fpclassifyf.o ABSOLUTE
    ../mathlib/funder.c                      0x00000000   Number         0  funder.o ABSOLUTE
    ../mathlib/poly.c                        0x00000000   Number         0  poly.o ABSOLUTE
    ../mathlib/qnan.c                        0x00000000   Number         0  qnan.o ABSOLUTE
    ../mathlib/sqrt.c                        0x00000000   Number         0  sqrt_x.o ABSOLUTE
    ../mathlib/sqrt.c                        0x00000000   Number         0  sqrt.o ABSOLUTE
    ../mathlib/sqrtf.c                       0x00000000   Number         0  sqrtf.o ABSOLUTE
    ../mathlib/sqrtf.c                       0x00000000   Number         0  sqrtf_x.o ABSOLUTE
    C:\ti\TivaWare_C_Series-2.1.0.12573\utils\uartstdio.c 0x00000000   Number         0  uartstdio.o ABSOLUTE
    Startup\startup_rvmdk.S                  0x00000000   Number         0  startup_rvmdk.o ABSOLUTE
    User\AHRS_2010.c                         0x00000000   Number         0  ahrs_2010.o ABSOLUTE
    User\MPU9150.C                           0x00000000   Number         0  mpu9150.o ABSOLUTE
    User\MadgwickAHRS.c                      0x00000000   Number         0  madgwickahrs.o ABSOLUTE
    User\QuatoE.c                            0x00000000   Number         0  quatoe.o ABSOLUTE
    User\main.c                              0x00000000   Number         0  main.o ABSOLUTE
    cdcmple.s                                0x00000000   Number         0  cdcmple.o ABSOLUTE
    cdrcmple.s                               0x00000000   Number         0  cdrcmple.o ABSOLUTE
    comp_dcm.c                               0x00000000   Number         0  comp_dcm.o ABSOLUTE
    cpu.c                                    0x00000000   Number         0  cpu.o ABSOLUTE
    cpu.c                                    0x00000000   Number         0  cpu.o ABSOLUTE
    dc.s                                     0x00000000   Number         0  dc.o ABSOLUTE
    gpio.c                                   0x00000000   Number         0  gpio.o ABSOLUTE
    handlers.s                               0x00000000   Number         0  handlers.o ABSOLUTE
    i2c.c                                    0x00000000   Number         0  i2c.o ABSOLUTE
    i2cm_drv.c                               0x00000000   Number         0  i2cm_drv.o ABSOLUTE
    init.s                                   0x00000000   Number         0  init.o ABSOLUTE
    interrupt.c                              0x00000000   Number         0  interrupt.o ABSOLUTE
    mpu9150.c                                0x00000000   Number         0  mpu9150.o ABSOLUTE
    sysctl.c                                 0x00000000   Number         0  sysctl.o ABSOLUTE
    sysctl.c                                 0x00000000   Number         0  sysctl.o ABSOLUTE
    timer.c                                  0x00000000   Number         0  timer.o ABSOLUTE
    uart.c                                   0x00000000   Number         0  uart.o ABSOLUTE
    vector.c                                 0x00000000   Number         0  vector.o ABSOLUTE
    $v0                                      0x0000026c   Number         0  startup_rvmdk.o(RESET)
    NmiSR                                    0x00000281   Thumb Code     0  startup_rvmdk.o(RESET)
    FaultISR                                 0x00000283   Thumb Code     0  startup_rvmdk.o(RESET)
    IntDefaultHandler                        0x00000285   Thumb Code     0  startup_rvmdk.o(RESET)
    .ARM.Collect$$$$00000000                 0x00000288   Section        0  entry.o(.ARM.Collect$$$$00000000)
    .ARM.Collect$$$$00000001                 0x00000288   Section        4  entry2.o(.ARM.Collect$$$$00000001)
    .ARM.Collect$$$$00000004                 0x0000028c   Section        4  entry5.o(.ARM.Collect$$$$00000004)
    .ARM.Collect$$$$00000008                 0x00000290   Section        0  entry7b.o(.ARM.Collect$$$$00000008)
    .ARM.Collect$$$$0000000A                 0x00000290   Section        0  entry8b.o(.ARM.Collect$$$$0000000A)
    .ARM.Collect$$$$0000000B                 0x00000290   Section        8  entry9a.o(.ARM.Collect$$$$0000000B)
    .ARM.Collect$$$$0000000D                 0x00000298   Section        0  entry10a.o(.ARM.Collect$$$$0000000D)
    .ARM.Collect$$$$0000000F                 0x00000298   Section        0  entry11a.o(.ARM.Collect$$$$0000000F)
    .ARM.Collect$$$$00002712                 0x00000298   Section        4  entry2.o(.ARM.Collect$$$$00002712)
    __lit__00000000                          0x00000298   Data           4  entry2.o(.ARM.Collect$$$$00002712)
    .emb_text                                0x0000029c   Section        6  sysctl.o(.emb_text)
    $v0                                      0x0000029c   Number         0  sysctl.o(.emb_text)
    .emb_text                                0x000002a4   Section       38  cpu.o(.emb_text)
    $v0                                      0x000002a4   Number         0  cpu.o(.emb_text)
    .text                                    0x000002ca   Section        0  dmul.o(.text)
    .text                                    0x000003ae   Section        0  f2d.o(.text)
    .text                                    0x000003d4   Section        0  d2f.o(.text)
    .text                                    0x0000040c   Section        0  llshl.o(.text)
    .text                                    0x0000042a   Section        0  iusefp.o(.text)
    .text                                    0x0000042a   Section        0  fepilogue.o(.text)
    .text                                    0x00000496   Section        0  depilogue.o(.text)
    .text                                    0x00000554   Section       36  init.o(.text)
    .text                                    0x00000578   Section        0  llushr.o(.text)
    .text                                    0x00000598   Section        0  __dczerorl.o(.text)
    i.CompDCMInit                            0x000005d4   Section        0  comp_dcm.o(i.CompDCMInit)
    i.ConfigureUART                          0x00000610   Section        0  main.o(i.ConfigureUART)
    i.GPIODirModeSet                         0x00000660   Section        0  gpio.o(i.GPIODirModeSet)
    i.GPIOIntClear                           0x00000688   Section        0  gpio.o(i.GPIOIntClear)
    i.GPIOIntEnable                          0x0000068e   Section        0  gpio.o(i.GPIOIntEnable)
    i.GPIOIntRegister                        0x0000069c   Section        0  gpio.o(i.GPIOIntRegister)
    i.GPIOIntStatus                          0x000006f4   Section        0  gpio.o(i.GPIOIntStatus)
    i.GPIOIntTypeSet                         0x00000702   Section        0  gpio.o(i.GPIOIntTypeSet)
    i.GPIOPadConfigSet                       0x00000752   Section        0  gpio.o(i.GPIOPadConfigSet)
    i.GPIOPinConfigure                       0x0000088c   Section        0  gpio.o(i.GPIOPinConfigure)
    i.GPIOPinTypeGPIOInput                   0x000008d4   Section        0  gpio.o(i.GPIOPinTypeGPIOInput)
    i.GPIOPinTypeI2C                         0x000008f0   Section        0  gpio.o(i.GPIOPinTypeI2C)
    i.GPIOPinTypeI2CSCL                      0x0000090c   Section        0  gpio.o(i.GPIOPinTypeI2CSCL)
    i.GPIOPinTypeUART                        0x00000928   Section        0  gpio.o(i.GPIOPinTypeUART)
    i.I2CIntRegister                         0x00000944   Section        0  i2c.o(i.I2CIntRegister)
    i.I2CMCommand                            0x000009a4   Section        0  i2cm_drv.o(i.I2CMCommand)
    i.I2CMInit                               0x00000a32   Section        0  i2cm_drv.o(i.I2CMInit)
    i.I2CMIntHandler                         0x00000a68   Section        0  i2cm_drv.o(i.I2CMIntHandler)
    i.I2CMWrite                              0x00000d82   Section        0  i2cm_drv.o(i.I2CMWrite)
    i.I2CMWrite8                             0x00000da4   Section        0  i2cm_drv.o(i.I2CMWrite8)
    i.I2CMWrite8Callback                     0x00000df8   Section        0  i2cm_drv.o(i.I2CMWrite8Callback)
    I2CMWrite8Callback                       0x00000df9   Thumb Code    94  i2cm_drv.o(i.I2CMWrite8Callback)
    i.I2CMasterControl                       0x00000e56   Section        0  i2c.o(i.I2CMasterControl)
    i.I2CMasterDataGet                       0x00000e5a   Section        0  i2c.o(i.I2CMasterDataGet)
    i.I2CMasterDataPut                       0x00000e5e   Section        0  i2c.o(i.I2CMasterDataPut)
    i.I2CMasterInitExpClk                    0x00000e64   Section        0  i2c.o(i.I2CMasterInitExpClk)
    i.I2CMasterIntClear                      0x00000eb8   Section        0  i2c.o(i.I2CMasterIntClear)
    i.I2CMasterIntEnableEx                   0x00000ec0   Section        0  i2c.o(i.I2CMasterIntEnableEx)
    i.I2CMasterSlaveAddrSet                  0x00000ec8   Section        0  i2c.o(i.I2CMasterSlaveAddrSet)
    i.IntDisable                             0x00000ed0   Section        0  interrupt.o(i.IntDisable)
    i.IntEnable                              0x00000f34   Section        0  interrupt.o(i.IntEnable)
    i.IntGPIOb                               0x00000f98   Section        0  main.o(i.IntGPIOb)
    i.IntIsEnabled                           0x00000fd0   Section        0  interrupt.o(i.IntIsEnabled)
    i.IntMasterEnable                        0x00001030   Section        0  interrupt.o(i.IntMasterEnable)
    i.IntRegister                            0x00001040   Section        0  interrupt.o(i.IntRegister)
    i.IntTrigger                             0x00001074   Section        0  interrupt.o(i.IntTrigger)
    i.MPU9150AppCallback                     0x00001080   Section        0  main.o(i.MPU9150AppCallback)
    i.MPU9150AppI2CWait                      0x00001090   Section        0  main.o(i.MPU9150AppI2CWait)
    i.MPU9150Callback                        0x000010ac   Section        0  mpu9150.o(i.MPU9150Callback)
    MPU9150Callback                          0x000010ad   Thumb Code   564  mpu9150.o(i.MPU9150Callback)
    i.MPU9150DataAccelGetFloat               0x000012e4   Section        0  mpu9150.o(i.MPU9150DataAccelGetFloat)
    i.MPU9150DataGyroGetFloat                0x00001350   Section        0  mpu9150.o(i.MPU9150DataGyroGetFloat)
    i.MPU9150DataMagnetoGetFloat             0x000013d0   Section        0  mpu9150.o(i.MPU9150DataMagnetoGetFloat)
    i.MPU9150DataRead                        0x00001470   Section        0  mpu9150.o(i.MPU9150DataRead)
    i.MPU9150I2CIntHandler                   0x000014d4   Section        0  main.o(i.MPU9150I2CIntHandler)
    i.MPU9150Init                            0x000014e0   Section        0  mpu9150.o(i.MPU9150Init)
    i.MPU9150Write                           0x00001540   Section        0  mpu9150.o(i.MPU9150Write)
    i.SysCtlClockSet                         0x000015e0   Section        0  sysctl.o(i.SysCtlClockSet)
    i.SysCtlPeripheralEnable                 0x00001700   Section        0  sysctl.o(i.SysCtlPeripheralEnable)
    i.TimerConfigure                         0x00001728   Section        0  timer.o(i.TimerConfigure)
    i.TimerEnable                            0x00001788   Section        0  timer.o(i.TimerEnable)
    i.TimerLoadSet                           0x00001796   Section        0  timer.o(i.TimerLoadSet)
    i.UARTCharPut                            0x000017a8   Section        0  uart.o(i.UARTCharPut)
    i.UARTConfigSetExpClk                    0x000017b4   Section        0  uart.o(i.UARTConfigSetExpClk)
    i.UARTEnable                             0x00001822   Section        0  uart.o(i.UARTEnable)
    i.__scatterload_copy                     0x00001836   Section       14  handlers.o(i.__scatterload_copy)
    i.__scatterload_null                     0x00001844   Section        2  handlers.o(i.__scatterload_null)
    i.__scatterload_zeroinit                 0x00001846   Section       14  handlers.o(i.__scatterload_zeroinit)
    i.main                                   0x00001854   Section        0  main.o(i.main)
    .constdata                               0x00001a60   Section      528  gpio.o(.constdata)
    g_ppui32GPIOIntMapBlizzard               0x00001a60   Data         192  gpio.o(.constdata)
    g_ppui32GPIOIntMapSnowflake              0x00001b20   Data         192  gpio.o(.constdata)
    g_pui32GPIOBaseAddrs                     0x00001be0   Data         144  gpio.o(.constdata)
    .constdata                               0x00001c70   Section      128  i2c.o(.constdata)
    g_ppui32I2CIntMap                        0x00001c70   Data          48  i2c.o(.constdata)
    g_ppui32I2CIntMapSnowflake               0x00001ca0   Data          80  i2c.o(.constdata)
    .constdata                               0x00001cf0   Section      268  interrupt.o(.constdata)
    g_pui32Priority                          0x00001cf0   Data          32  interrupt.o(.constdata)
    g_pui32Regs                              0x00001d10   Data         156  interrupt.o(.constdata)
    g_pui32EnRegs                            0x00001dac   Data          20  interrupt.o(.constdata)
    g_pui32Dii16Regs                         0x00001dc0   Data          20  interrupt.o(.constdata)
    g_pui32PendRegs                          0x00001dd4   Data          20  interrupt.o(.constdata)
    g_pui32UnpendRegs                        0x00001de8   Data          20  interrupt.o(.constdata)
    .constdata                               0x00001dfc   Section       32  mpu9150.o(.constdata)
    g_fMPU9150AccelFactors                   0x00001dfc   Data          16  mpu9150.o(.constdata)
    g_fMPU9150GyroFactors                    0x00001e0c   Data          16  mpu9150.o(.constdata)
    .data                                    0x20000000   Section        8  main.o(.data)
    vtable                                   0x20000400   Section      620  interrupt.o(vtable)
    g_pfnRAMVectors                          0x20000400   Data         620  interrupt.o(vtable)
    .bss                                     0x2000066c   Section      488  main.o(.bss)
    STACK                                    0x20000858   Section      512  startup_rvmdk.o(STACK)
    StackMem                                 0x20000858   Data           0  startup_rvmdk.o(STACK)

    Global Symbols

    Symbol Name                              Value     Ov Type        Size  Object(Section)

    BuildAttributes$$THM_ISAv4$E$P$D$K$B$S$7EM$VFPi3$EXTD16$VFPS$VFMA$PE$A:L22UL41UL21$X:L11$S22US41US21$IEEE1$IW$USESV6$~STKCKD$USESV7$~SHL$OTIME$ROPI$IEEEX$EBA8$MICROLIB$REQ8$PRES8$EABIv2 0x00000000   Number         0  anon$$obj.o ABSOLUTE
    __ARM_use_no_argv                        0x00000000   Number         0  main.o ABSOLUTE
    __Vectors                                0x00000000   Data           0  startup_rvmdk.o(RESET)
    __cpp_initialize__aeabi_                  - Undefined Weak Reference
    __cxa_finalize                            - Undefined Weak Reference
    _clock_init                               - Undefined Weak Reference
    _microlib_exit                            - Undefined Weak Reference
    Reset_Handler                            0x0000026d   Thumb Code     0  startup_rvmdk.o(RESET)
    __main                                   0x00000289   Thumb Code     0  entry.o(.ARM.Collect$$$$00000000)
    _main_stk                                0x00000289   Thumb Code     0  entry2.o(.ARM.Collect$$$$00000001)
    _main_scatterload                        0x0000028d   Thumb Code     0  entry5.o(.ARM.Collect$$$$00000004)
    __main_after_scatterload                 0x00000291   Thumb Code     0  entry5.o(.ARM.Collect$$$$00000004)
    _main_clock                              0x00000291   Thumb Code     0  entry7b.o(.ARM.Collect$$$$00000008)
    _main_cpp_init                           0x00000291   Thumb Code     0  entry8b.o(.ARM.Collect$$$$0000000A)
    _main_init                               0x00000291   Thumb Code     0  entry9a.o(.ARM.Collect$$$$0000000B)
    __rt_final_cpp                           0x00000299   Thumb Code     0  entry10a.o(.ARM.Collect$$$$0000000D)
    __rt_final_exit                          0x00000299   Thumb Code     0  entry11a.o(.ARM.Collect$$$$0000000F)
    SysCtlDelay                              0x0000029d   Thumb Code     6  sysctl.o(.emb_text)
    CPUcpsid                                 0x000002a5   Thumb Code     8  cpu.o(.emb_text)
    CPUprimask                               0x000002ad   Thumb Code     6  cpu.o(.emb_text)
    CPUcpsie                                 0x000002b3   Thumb Code     8  cpu.o(.emb_text)
    CPUwfi                                   0x000002bb   Thumb Code     4  cpu.o(.emb_text)
    CPUbasepriSet                            0x000002bf   Thumb Code     6  cpu.o(.emb_text)
    CPUbasepriGet                            0x000002c5   Thumb Code     6  cpu.o(.emb_text)
    __aeabi_dmul                             0x000002cb   Thumb Code   228  dmul.o(.text)
    __aeabi_f2d                              0x000003af   Thumb Code    38  f2d.o(.text)
    __aeabi_d2f                              0x000003d5   Thumb Code    56  d2f.o(.text)
    __aeabi_llsl                             0x0000040d   Thumb Code    30  llshl.o(.text)
    _ll_shift_l                              0x0000040d   Thumb Code     0  llshl.o(.text)
    __I$use$fp                               0x0000042b   Thumb Code     0  iusefp.o(.text)
    _float_round                             0x0000042b   Thumb Code    18  fepilogue.o(.text)
    _float_epilogue                          0x0000043d   Thumb Code    90  fepilogue.o(.text)
    _double_round                            0x00000497   Thumb Code    26  depilogue.o(.text)
    _double_epilogue                         0x000004b1   Thumb Code   164  depilogue.o(.text)
    __scatterload                            0x00000555   Thumb Code    28  init.o(.text)
    __scatterload_rt2                        0x00000555   Thumb Code     0  init.o(.text)
    __aeabi_llsr                             0x00000579   Thumb Code    32  llushr.o(.text)
    _ll_ushift_r                             0x00000579   Thumb Code     0  llushr.o(.text)
    __decompress                             0x00000599   Thumb Code     0  __dczerorl.o(.text)
    __decompress0                            0x00000599   Thumb Code    58  __dczerorl.o(.text)
    CompDCMInit                              0x000005d5   Thumb Code    54  comp_dcm.o(i.CompDCMInit)
    ConfigureUART                            0x00000611   Thumb Code    64  main.o(i.ConfigureUART)
    GPIODirModeSet                           0x00000661   Thumb Code    40  gpio.o(i.GPIODirModeSet)
    GPIOIntClear                             0x00000689   Thumb Code     6  gpio.o(i.GPIOIntClear)
    GPIOIntEnable                            0x0000068f   Thumb Code    14  gpio.o(i.GPIOIntEnable)
    GPIOIntRegister                          0x0000069d   Thumb Code    70  gpio.o(i.GPIOIntRegister)
    GPIOIntStatus                            0x000006f5   Thumb Code    14  gpio.o(i.GPIOIntStatus)
    GPIOIntTypeSet                           0x00000703   Thumb Code    80  gpio.o(i.GPIOIntTypeSet)
    GPIOPadConfigSet                         0x00000753   Thumb Code   314  gpio.o(i.GPIOPadConfigSet)
    GPIOPinConfigure                         0x0000088d   Thumb Code    64  gpio.o(i.GPIOPinConfigure)
    GPIOPinTypeGPIOInput                     0x000008d5   Thumb Code    28  gpio.o(i.GPIOPinTypeGPIOInput)
    GPIOPinTypeI2C                           0x000008f1   Thumb Code    28  gpio.o(i.GPIOPinTypeI2C)
    GPIOPinTypeI2CSCL                        0x0000090d   Thumb Code    28  gpio.o(i.GPIOPinTypeI2CSCL)
    GPIOPinTypeUART                          0x00000929   Thumb Code    28  gpio.o(i.GPIOPinTypeUART)
    I2CIntRegister                           0x00000945   Thumb Code    80  i2c.o(i.I2CIntRegister)
    I2CMCommand                              0x000009a5   Thumb Code   142  i2cm_drv.o(i.I2CMCommand)
    I2CMInit                                 0x00000a33   Thumb Code    54  i2cm_drv.o(i.I2CMInit)
    I2CMIntHandler                           0x00000a69   Thumb Code   794  i2cm_drv.o(i.I2CMIntHandler)
    I2CMWrite                                0x00000d83   Thumb Code    32  i2cm_drv.o(i.I2CMWrite)
    I2CMWrite8                               0x00000da5   Thumb Code    80  i2cm_drv.o(i.I2CMWrite8)
    I2CMasterControl                         0x00000e57   Thumb Code     4  i2c.o(i.I2CMasterControl)
    I2CMasterDataGet                         0x00000e5b   Thumb Code     4  i2c.o(i.I2CMasterDataGet)
    I2CMasterDataPut                         0x00000e5f   Thumb Code     4  i2c.o(i.I2CMasterDataPut)
    I2CMasterInitExpClk                      0x00000e65   Thumb Code    72  i2c.o(i.I2CMasterInitExpClk)
    I2CMasterIntClear                        0x00000eb9   Thumb Code     8  i2c.o(i.I2CMasterIntClear)
    I2CMasterIntEnableEx                     0x00000ec1   Thumb Code     8  i2c.o(i.I2CMasterIntEnableEx)
    I2CMasterSlaveAddrSet                    0x00000ec9   Thumb Code     8  i2c.o(i.I2CMasterSlaveAddrSet)
    IntDisable                               0x00000ed1   Thumb Code    92  interrupt.o(i.IntDisable)
    IntEnable                                0x00000f35   Thumb Code    92  interrupt.o(i.IntEnable)
    IntGPIOb                                 0x00000f99   Thumb Code    42  main.o(i.IntGPIOb)
    IntIsEnabled                             0x00000fd1   Thumb Code    88  interrupt.o(i.IntIsEnabled)
    IntMasterEnable                          0x00001031   Thumb Code    14  interrupt.o(i.IntMasterEnable)
    IntRegister                              0x00001041   Thumb Code    44  interrupt.o(i.IntRegister)
    IntTrigger                               0x00001075   Thumb Code     8  interrupt.o(i.IntTrigger)
    MPU9150AppCallback                       0x00001081   Thumb Code    12  main.o(i.MPU9150AppCallback)
    MPU9150AppI2CWait                        0x00001091   Thumb Code    24  main.o(i.MPU9150AppI2CWait)
    MPU9150DataAccelGetFloat                 0x000012e5   Thumb Code   104  mpu9150.o(i.MPU9150DataAccelGetFloat)
    MPU9150DataGyroGetFloat                  0x00001351   Thumb Code   124  mpu9150.o(i.MPU9150DataGyroGetFloat)
    MPU9150DataMagnetoGetFloat               0x000013d1   Thumb Code   148  mpu9150.o(i.MPU9150DataMagnetoGetFloat)
    MPU9150DataRead                          0x00001471   Thumb Code    94  mpu9150.o(i.MPU9150DataRead)
    MPU9150I2CIntHandler                     0x000014d5   Thumb Code     6  main.o(i.MPU9150I2CIntHandler)
    MPU9150Init                              0x000014e1   Thumb Code    92  mpu9150.o(i.MPU9150Init)
    MPU9150Write                             0x00001541   Thumb Code   154  mpu9150.o(i.MPU9150Write)
    SysCtlClockSet                           0x000015e1   Thumb Code   270  sysctl.o(i.SysCtlClockSet)
    SysCtlPeripheralEnable                   0x00001701   Thumb Code    36  sysctl.o(i.SysCtlPeripheralEnable)
    TimerConfigure                           0x00001729   Thumb Code    88  timer.o(i.TimerConfigure)
    TimerEnable                              0x00001789   Thumb Code    14  timer.o(i.TimerEnable)
    TimerLoadSet                             0x00001797   Thumb Code    18  timer.o(i.TimerLoadSet)
    UARTCharPut                              0x000017a9   Thumb Code    12  uart.o(i.UARTCharPut)
    UARTConfigSetExpClk                      0x000017b5   Thumb Code   110  uart.o(i.UARTConfigSetExpClk)
    UARTEnable                               0x00001823   Thumb Code    20  uart.o(i.UARTEnable)
    __scatterload_copy                       0x00001837   Thumb Code    14  handlers.o(i.__scatterload_copy)
    __scatterload_null                       0x00001845   Thumb Code     2  handlers.o(i.__scatterload_null)
    __scatterload_zeroinit                   0x00001847   Thumb Code    14  handlers.o(i.__scatterload_zeroinit)
    main                                     0x00001855   Thumb Code   430  main.o(i.main)
    Region$$Table$$Base                      0x00001e1c   Number         0  anon$$obj.o(Region$$Table)
    Region$$Table$$Limit                     0x00001e3c   Number         0  anon$$obj.o(Region$$Table)
    g_vui8I2CDoneFlag                        0x20000000   Data           4  main.o(.data)
    g_vui8ErrorFlag                          0x20000004   Data           4  main.o(.data)
    g_sI2CInst                               0x2000066c   Data         292  main.o(.bss)
    g_sMPU9150Inst                           0x20000790   Data         108  main.o(.bss)
    g_sCompDCMInst                           0x200007fc   Data          88  main.o(.bss)
    __initial_sp                             0x20000a58   Data           0  startup_rvmdk.o(STACK)



==============================================================================

Memory Map of the image

  Image Entry point : 0x0000026d

  Load Region LR_1 (Base: 0x00000000, Size: 0x000024a8, Max: 0xffffffff, ABSOLUTE, COMPRESSED[0x00001e4c])

    Execution Region ER_RO (Base: 0x00000000, Size: 0x00001e3c, Max: 0xffffffff, ABSOLUTE)

    Base Addr    Size         Type   Attr      Idx    E Section Name        Object

    0x00000000   0x00000288   Code   RO            3  * RESET               startup_rvmdk.o
    0x00000288   0x00000000   Code   RO         2441  * .ARM.Collect$$$$00000000  mc_w.l(entry.o)
    0x00000288   0x00000004   Code   RO         2487    .ARM.Collect$$$$00000001  mc_w.l(entry2.o)
    0x0000028c   0x00000004   Code   RO         2490    .ARM.Collect$$$$00000004  mc_w.l(entry5.o)
    0x00000290   0x00000000   Code   RO         2492    .ARM.Collect$$$$00000008  mc_w.l(entry7b.o)
    0x00000290   0x00000000   Code   RO         2494    .ARM.Collect$$$$0000000A  mc_w.l(entry8b.o)
    0x00000290   0x00000008   Code   RO         2495    .ARM.Collect$$$$0000000B  mc_w.l(entry9a.o)
    0x00000298   0x00000000   Code   RO         2497    .ARM.Collect$$$$0000000D  mc_w.l(entry10a.o)
    0x00000298   0x00000000   Code   RO         2499    .ARM.Collect$$$$0000000F  mc_w.l(entry11a.o)
    0x00000298   0x00000004   Code   RO         2488    .ARM.Collect$$$$00002712  mc_w.l(entry2.o)
    0x0000029c   0x00000006   Code   RO         1124    .emb_text           driverlib.lib(sysctl.o)
    0x000002a2   0x00000002   PAD
    0x000002a4   0x00000026   Code   RO         2327    .emb_text           driverlib.lib(cpu.o)
    0x000002ca   0x000000e4   Code   RO         2446    .text               mf_w.l(dmul.o)
    0x000003ae   0x00000026   Code   RO         2448    .text               mf_w.l(f2d.o)
    0x000003d4   0x00000038   Code   RO         2454    .text               mf_w.l(d2f.o)
    0x0000040c   0x0000001e   Code   RO         2501    .text               mc_w.l(llshl.o)
    0x0000042a   0x00000000   Code   RO         2512    .text               mc_w.l(iusefp.o)
    0x0000042a   0x0000006c   Code   RO         2513    .text               mf_w.l(fepilogue.o)
    0x00000496   0x000000be   Code   RO         2515    .text               mf_w.l(depilogue.o)
    0x00000554   0x00000024   Code   RO         2523    .text               mc_w.l(init.o)
    0x00000578   0x00000020   Code   RO         2525    .text               mc_w.l(llushr.o)
    0x00000598   0x0000003a   Code   RO         2535    .text               mc_w.l(__dczerorl.o)
    0x000005d2   0x00000002   PAD
    0x000005d4   0x0000003c   Code   RO         2001    i.CompDCMInit       sensorlib.lib(comp_dcm.o)
    0x00000610   0x00000050   Code   RO            9    i.ConfigureUART     main.o
    0x00000660   0x00000028   Code   RO          362    i.GPIODirModeSet    driverlib.lib(gpio.o)
    0x00000688   0x00000006   Code   RO          363    i.GPIOIntClear      driverlib.lib(gpio.o)
    0x0000068e   0x0000000e   Code   RO          365    i.GPIOIntEnable     driverlib.lib(gpio.o)
    0x0000069c   0x00000058   Code   RO          366    i.GPIOIntRegister   driverlib.lib(gpio.o)
    0x000006f4   0x0000000e   Code   RO          367    i.GPIOIntStatus     driverlib.lib(gpio.o)
    0x00000702   0x00000050   Code   RO          369    i.GPIOIntTypeSet    driverlib.lib(gpio.o)
    0x00000752   0x0000013a   Code   RO          372    i.GPIOPadConfigSet  driverlib.lib(gpio.o)
    0x0000088c   0x00000048   Code   RO          373    i.GPIOPinConfigure  driverlib.lib(gpio.o)
    0x000008d4   0x0000001c   Code   RO          382    i.GPIOPinTypeGPIOInput  driverlib.lib(gpio.o)
    0x000008f0   0x0000001c   Code   RO          385    i.GPIOPinTypeI2C    driverlib.lib(gpio.o)
    0x0000090c   0x0000001c   Code   RO          386    i.GPIOPinTypeI2CSCL  driverlib.lib(gpio.o)
    0x00000928   0x0000001c   Code   RO          398    i.GPIOPinTypeUART   driverlib.lib(gpio.o)
    0x00000944   0x00000060   Code   RO          682    i.I2CIntRegister    driverlib.lib(i2c.o)
    0x000009a4   0x0000008e   Code   RO         2076    i.I2CMCommand       sensorlib.lib(i2cm_drv.o)
    0x00000a32   0x00000036   Code   RO         2077    i.I2CMInit          sensorlib.lib(i2cm_drv.o)
    0x00000a68   0x0000031a   Code   RO         2078    i.I2CMIntHandler    sensorlib.lib(i2cm_drv.o)
    0x00000d82   0x00000020   Code   RO         2156    i.I2CMWrite         sensorlib.lib(i2cm_drv.o)
    0x00000da2   0x00000002   PAD
    0x00000da4   0x00000054   Code   RO         2088    i.I2CMWrite8        sensorlib.lib(i2cm_drv.o)
    0x00000df8   0x0000005e   Code   RO         2089    i.I2CMWrite8Callback  sensorlib.lib(i2cm_drv.o)
    0x00000e56   0x00000004   Code   RO          688    i.I2CMasterControl  driverlib.lib(i2c.o)
    0x00000e5a   0x00000004   Code   RO          689    i.I2CMasterDataGet  driverlib.lib(i2c.o)
    0x00000e5e   0x00000004   Code   RO          690    i.I2CMasterDataPut  driverlib.lib(i2c.o)
    0x00000e62   0x00000002   PAD
    0x00000e64   0x00000054   Code   RO          695    i.I2CMasterInitExpClk  driverlib.lib(i2c.o)
    0x00000eb8   0x00000008   Code   RO          696    i.I2CMasterIntClear  driverlib.lib(i2c.o)
    0x00000ec0   0x00000008   Code   RO          701    i.I2CMasterIntEnableEx  driverlib.lib(i2c.o)
    0x00000ec8   0x00000008   Code   RO          705    i.I2CMasterSlaveAddrSet  driverlib.lib(i2c.o)
    0x00000ed0   0x00000064   Code   RO         1008    i.IntDisable        driverlib.lib(interrupt.o)
    0x00000f34   0x00000064   Code   RO         1009    i.IntEnable         driverlib.lib(interrupt.o)
    0x00000f98   0x00000038   Code   RO           10    i.IntGPIOb          main.o
    0x00000fd0   0x00000060   Code   RO         1010    i.IntIsEnabled      driverlib.lib(interrupt.o)
    0x00001030   0x0000000e   Code   RO         1012    i.IntMasterEnable   driverlib.lib(interrupt.o)
    0x0000103e   0x00000002   PAD
    0x00001040   0x00000034   Code   RO         1021    i.IntRegister       driverlib.lib(interrupt.o)
    0x00001074   0x0000000c   Code   RO         1022    i.IntTrigger        driverlib.lib(interrupt.o)
    0x00001080   0x00000010   Code   RO           11    i.MPU9150AppCallback  main.o
    0x00001090   0x0000001c   Code   RO           13    i.MPU9150AppI2CWait  main.o
    0x000010ac   0x00000238   Code   RO         2220    i.MPU9150Callback   sensorlib.lib(mpu9150.o)
    0x000012e4   0x0000006c   Code   RO         2221    i.MPU9150DataAccelGetFloat  sensorlib.lib(mpu9150.o)
    0x00001350   0x00000080   Code   RO         2223    i.MPU9150DataGyroGetFloat  sensorlib.lib(mpu9150.o)
    0x000013d0   0x000000a0   Code   RO         2225    i.MPU9150DataMagnetoGetFloat  sensorlib.lib(mpu9150.o)
    0x00001470   0x00000064   Code   RO         2227    i.MPU9150DataRead   sensorlib.lib(mpu9150.o)
    0x000014d4   0x0000000c   Code   RO           14    i.MPU9150I2CIntHandler  main.o
    0x000014e0   0x00000060   Code   RO         2228    i.MPU9150Init       sensorlib.lib(mpu9150.o)
    0x00001540   0x000000a0   Code   RO         2232    i.MPU9150Write      sensorlib.lib(mpu9150.o)
    0x000015e0   0x00000120   Code   RO         1129    i.SysCtlClockSet    driverlib.lib(sysctl.o)
    0x00001700   0x00000028   Code   RO         1158    i.SysCtlPeripheralEnable  driverlib.lib(sysctl.o)
    0x00001728   0x00000060   Code   RO         1470    i.TimerConfigure    driverlib.lib(timer.o)
    0x00001788   0x0000000e   Code   RO         1479    i.TimerEnable       driverlib.lib(timer.o)
    0x00001796   0x00000012   Code   RO         1488    i.TimerLoadSet      driverlib.lib(timer.o)
    0x000017a8   0x0000000c   Code   RO         1716    i.UARTCharPut       driverlib.lib(uart.o)
    0x000017b4   0x0000006e   Code   RO         1722    i.UARTConfigSetExpClk  driverlib.lib(uart.o)
    0x00001822   0x00000014   Code   RO         1727    i.UARTEnable        driverlib.lib(uart.o)
    0x00001836   0x0000000e   Code   RO         2529    i.__scatterload_copy  mc_w.l(handlers.o)
    0x00001844   0x00000002   Code   RO         2530    i.__scatterload_null  mc_w.l(handlers.o)
    0x00001846   0x0000000e   Code   RO         2531    i.__scatterload_zeroinit  mc_w.l(handlers.o)
    0x00001854   0x0000020c   Code   RO           15    i.main              main.o
    0x00001a60   0x00000210   Data   RO          405    .constdata          driverlib.lib(gpio.o)
    0x00001c70   0x00000080   Data   RO          730    .constdata          driverlib.lib(i2c.o)
    0x00001cf0   0x0000010c   Data   RO         1025    .constdata          driverlib.lib(interrupt.o)
    0x00001dfc   0x00000020   Data   RO         2233    .constdata          sensorlib.lib(mpu9150.o)
    0x00001e1c   0x00000020   Data   RO         2527    Region$$Table       anon$$obj.o


    Execution Region ER_RW (Base: 0x20000000, Size: 0x0000066c, Max: 0xffffffff, ABSOLUTE, COMPRESSED[0x00000010])

    Base Addr    Size         Type   Attr      Idx    E Section Name        Object

    0x20000000   0x00000008   Data   RW           21    .data               main.o
    0x20000008   0x000003f8   PAD
    0x20000400   0x0000026c   Data   RW         1026    vtable              driverlib.lib(interrupt.o)


    Execution Region ER_ZI (Base: 0x2000066c, Size: 0x000003ec, Max: 0xffffffff, ABSOLUTE)

    Base Addr    Size         Type   Attr      Idx    E Section Name        Object

    0x2000066c   0x000001e8   Zero   RW           16    .bss                main.o
    0x20000854   0x00000004   PAD
    0x20000858   0x00000200   Zero   RW            1    STACK               startup_rvmdk.o


==============================================================================

Image component sizes


      Code (inc. data)   RO Data    RW Data    ZI Data      Debug   Object Name

       716        138          0          8        488      12625   main.o
       648        622          0          0        512        244   startup_rvmdk.o

    ----------------------------------------------------------------------
      1364        760         32       1024       1004      12869   Object Totals
         0          0         32          0          0          0   (incl. Generated)
         0          0          0       1016          4          0   (incl. Padding)

    ----------------------------------------------------------------------

      Code (inc. data)   RO Data    RW Data    ZI Data      Debug   Library Member Name

        38          0          0          0          0        504   cpu.o
       740         26        528          0          0       7043   gpio.o
       216         28        128          0          0       4744   i2c.o
       374         36        268        620          0       3841   interrupt.o
       334         22          0          0          0       1562   sysctl.o
       128          8          0          0          0       1406   timer.o
       142          0          0          0          0       2233   uart.o
        58          0          0          0          0          0   __dczerorl.o
         0          0          0          0          0          0   entry.o
         0          0          0          0          0          0   entry10a.o
         0          0          0          0          0          0   entry11a.o
         8          4          0          0          0          0   entry2.o
         4          0          0          0          0          0   entry5.o
         0          0          0          0          0          0   entry7b.o
         0          0          0          0          0          0   entry8b.o
         8          4          0          0          0          0   entry9a.o
        30          0          0          0          0          0   handlers.o
        36          8          0          0          0         68   init.o
         0          0          0          0          0          0   iusefp.o
        30          0          0          0          0         68   llshl.o
        32          0          0          0          0         68   llushr.o
        56          0          0          0          0         88   d2f.o
       190          0          0          0          0        176   depilogue.o
       228          0          0          0          0         96   dmul.o
        38          0          0          0          0         68   f2d.o
       108          0          0          0          0        168   fepilogue.o
        60          6          0          0          0       4078   comp_dcm.o
      1200         16          0          0          0       9367   i2cm_drv.o
      1320         52         32          0          0      10771   mpu9150.o

    ----------------------------------------------------------------------
      5388        210        956        620          0      46349   Library Totals
        10          0          0          0          0          0   (incl. Padding)

    ----------------------------------------------------------------------

      Code (inc. data)   RO Data    RW Data    ZI Data      Debug   Library Name

      1972        120        924        620          0      21333   driverlib.lib
       206         16          0          0          0        204   mc_w.l
       620          0          0          0          0        596   mf_w.l
      2580         74         32          0          0      24216   sensorlib.lib

    ----------------------------------------------------------------------
      5388        210        956        620          0      46349   Library Totals

    ----------------------------------------------------------------------

==============================================================================


      Code (inc. data)   RO Data    RW Data    ZI Data      Debug   

      6752        970        988       1644       1004      54258   Grand Totals
      6752        970        988         16       1004      54258   ELF Image Totals (compressed)
      6752        970        988         16          0          0   ROM Totals

==============================================================================

    Total RO  Size (Code + RO Data)                 7740 (   7.56kB)
    Total RW  Size (RW Data + ZI Data)              2648 (   2.59kB)
    Total ROM Size (Code + RO Data + RW Data)       7756 (   7.57kB)

==============================================================================

